// Vitest Snapshot v1, https://vitest.dev/guide/snapshot.html

exports[`generateDiscriminationSession > matches the reference snapshot for a fixed seed 1`] = `
[
  {
    "a": [
      {
        "kind": "SHAPE",
        "rotation": 0,
        "shape": "SQUARE",
      },
      {
        "kind": "SHAPE",
        "rotation": 180,
        "shape": "TRAPEZOID",
      },
      {
        "kind": "SHAPE",
        "rotation": 0,
        "shape": "RECTANGLE",
      },
      {
        "kind": "SHAPE",
        "rotation": 0,
        "shape": "CIRCLE",
      },
      {
        "kind": "CHAR",
        "value": "0",
      },
    ],
    "b": [
      {
        "kind": "SHAPE",
        "rotation": 0,
        "shape": "SQUARE",
      },
      {
        "kind": "SHAPE",
        "rotation": 180,
        "shape": "TRAPEZOID",
      },
      {
        "kind": "SHAPE",
        "rotation": 0,
        "shape": "RECTANGLE",
      },
      {
        "kind": "SHAPE",
        "rotation": 0,
        "shape": "CIRCLE",
      },
      {
        "kind": "CHAR",
        "value": "0",
      },
    ],
    "identical": true,
    "index": 0,
    "offsetA": {
      "fx": 0.069,
      "fy": 0.406,
    },
    "offsetB": {
      "fx": 0.518,
      "fy": -0.588,
    },
  },
  {
    "a": [
      {
        "kind": "CHAR",
        "value": "K",
      },
      {
        "kind": "SHAPE",
        "rotation": 0,
        "shape": "TRAPEZOID_LEFT",
      },
      {
        "kind": "CHAR",
        "value": "D",
      },
      {
        "kind": "SHAPE",
        "rotation": 0,
        "shape": "RECTANGLE",
      },
      {
        "kind": "SHAPE",
        "rotation": 0,
        "shape": "SQUARE",
      },
    ],
    "b": [
      {
        "kind": "CHAR",
        "value": "K",
      },
      {
        "kind": "SHAPE",
        "rotation": 0,
        "shape": "TRAPEZOID_LEFT",
      },
      {
        "kind": "CHAR",
        "value": "D",
      },
      {
        "kind": "SHAPE",
        "rotation": 0,
        "shape": "RECTANGLE",
      },
      {
        "kind": "SHAPE",
        "rotation": 0,
        "shape": "CIRCLE",
      },
    ],
    "identical": false,
    "index": 1,
    "offsetA": {
      "fx": -0.224,
      "fy": -0.84,
    },
    "offsetB": {
      "fx": -0.069,
      "fy": 0.214,
    },
  },
  {
    "a": [
      {
        "kind": "SHAPE",
        "rotation": 0,
        "shape": "SQUARE",
      },
      {
        "kind": "SHAPE",
        "rotation": 0,
        "shape": "TRAPEZOID_RIGHT",
      },
      {
        "kind": "SHAPE",
        "rotation": 0,
        "shape": "TRAPEZOID",
      },
      {
        "kind": "SHAPE",
        "rotation": 90,
        "shape": "TRIANGLE",
      },
      {
        "kind": "SHAPE",
        "rotation": 0,
        "shape": "TRIANGLE",
      },
    ],
    "b": [
      {
        "kind": "SHAPE",
        "rotation": 0,
        "shape": "SQUARE",
      },
      {
        "kind": "SHAPE",
        "rotation": 0,
        "shape": "RECTANGLE",
      },
      {
        "kind": "SHAPE",
        "rotation": 0,
        "shape": "TRAPEZOID",
      },
      {
        "kind": "SHAPE",
        "rotation": 90,
        "shape": "TRIANGLE",
      },
      {
        "kind": "SHAPE",
        "rotation": 0,
        "shape": "TRIANGLE",
      },
    ],
    "identical": false,
    "index": 2,
    "offsetA": {
      "fx": -0.612,
      "fy": 0.807,
    },
    "offsetB": {
      "fx": -0.237,
      "fy": 0.835,
    },
  },
  {
    "a": [
      {
        "kind": "SHAPE",
        "rotation": 0,
        "shape": "RECTANGLE",
      },
      {
        "kind": "SHAPE",
        "rotation": 0,
        "shape": "RECTANGLE",
      },
      {
        "kind": "SHAPE",
        "rotation": 0,
        "shape": "TRAPEZOID_LEFT",
      },
      {
        "kind": "CHAR",
        "value": "V",
      },
      {
        "kind": "SHAPE",
        "rotation": 0,
        "shape": "CIRCLE",
      },
    ],
    "b": [
      {
        "kind": "SHAPE",
        "rotation": 0,
        "shape": "RECTANGLE",
      },
      {
        "kind": "SHAPE",
        "rotation": 0,
        "shape": "RECTANGLE",
      },
      {
        "kind": "SHAPE",
        "rotation": 0,
        "shape": "TRAPEZOID_LEFT",
      },
      {
        "kind": "CHAR",
        "value": "V",
      },
      {
        "kind": "SHAPE",
        "rotation": 0,
        "shape": "CIRCLE",
      },
    ],
    "identical": true,
    "index": 3,
    "offsetA": {
      "fx": -0.193,
      "fy": 0.128,
    },
    "offsetB": {
      "fx": -0.79,
      "fy": -0.422,
    },
  },
  {
    "a": [
      {
        "kind": "CHAR",
        "value": "R",
      },
      {
        "kind": "CHAR",
        "value": "V",
      },
      {
        "kind": "CHAR",
        "value": "M",
      },
      {
        "kind": "CHAR",
        "value": "L",
      },
      {
        "kind": "SHAPE",
        "rotation": 90,
        "shape": "TRIANGLE",
      },
    ],
    "b": [
      {
        "kind": "CHAR",
        "value": "R",
      },
      {
        "kind": "CHAR",
        "value": "V",
      },
      {
        "kind": "CHAR",
        "value": "M",
      },
      {
        "kind": "CHAR",
        "value": "L",
      },
      {
        "kind": "SHAPE",
        "rotation": 90,
        "shape": "TRIANGLE",
      },
    ],
    "identical": true,
    "index": 4,
    "offsetA": {
      "fx": -0.067,
      "fy": -0.144,
    },
    "offsetB": {
      "fx": 0.57,
      "fy": -0.202,
    },
  },
  {
    "a": [
      {
        "kind": "SHAPE",
        "rotation": 0,
        "shape": "RECTANGLE",
      },
      {
        "kind": "CHAR",
        "value": "F",
      },
      {
        "kind": "CHAR",
        "value": "W",
      },
      {
        "kind": "CHAR",
        "value": "G",
      },
      {
        "kind": "SHAPE",
        "rotation": 0,
        "shape": "CIRCLE",
      },
    ],
    "b": [
      {
        "kind": "SHAPE",
        "rotation": 0,
        "shape": "RECTANGLE",
      },
      {
        "kind": "CHAR",
        "value": "F",
      },
      {
        "kind": "CHAR",
        "value": "M",
      },
      {
        "kind": "CHAR",
        "value": "G",
      },
      {
        "kind": "SHAPE",
        "rotation": 0,
        "shape": "CIRCLE",
      },
    ],
    "identical": false,
    "index": 5,
    "offsetA": {
      "fx": -0.345,
      "fy": -0.695,
    },
    "offsetB": {
      "fx": 0.557,
      "fy": -0.965,
    },
  },
  {
    "a": [
      {
        "kind": "CHAR",
        "value": "J",
      },
      {
        "kind": "CHAR",
        "value": "X",
      },
      {
        "kind": "CHAR",
        "value": "2",
      },
      {
        "kind": "CHAR",
        "value": "C",
      },
      {
        "kind": "CHAR",
        "value": "H",
      },
      {
        "kind": "CHAR",
        "value": "2",
      },
    ],
    "b": [
      {
        "kind": "CHAR",
        "value": "J",
      },
      {
        "kind": "CHAR",
        "value": "K",
      },
      {
        "kind": "CHAR",
        "value": "2",
      },
      {
        "kind": "CHAR",
        "value": "C",
      },
      {
        "kind": "CHAR",
        "value": "H",
      },
      {
        "kind": "CHAR",
        "value": "2",
      },
    ],
    "identical": false,
    "index": 6,
    "offsetA": {
      "fx": 0.513,
      "fy": -0.038,
    },
    "offsetB": {
      "fx": 0.079,
      "fy": -0.244,
    },
  },
  {
    "a": [
      {
        "kind": "SHAPE",
        "rotation": 180,
        "shape": "TRAPEZOID",
      },
      {
        "kind": "SHAPE",
        "rotation": 0,
        "shape": "TRAPEZOID_RIGHT",
      },
      {
        "kind": "CHAR",
        "value": "U",
      },
      {
        "kind": "CHAR",
        "value": "9",
      },
      {
        "kind": "SHAPE",
        "rotation": 0,
        "shape": "TRAPEZOID_RIGHT",
      },
      {
        "kind": "SHAPE",
        "rotation": 0,
        "shape": "TRAPEZOID",
      },
    ],
    "b": [
      {
        "kind": "SHAPE",
        "rotation": 180,
        "shape": "TRAPEZOID",
      },
      {
        "kind": "SHAPE",
        "rotation": 0,
        "shape": "TRAPEZOID_RIGHT",
      },
      {
        "kind": "CHAR",
        "value": "U",
      },
      {
        "kind": "CHAR",
        "value": "9",
      },
      {
        "kind": "SHAPE",
        "rotation": 0,
        "shape": "TRAPEZOID_RIGHT",
      },
      {
        "kind": "SHAPE",
        "rotation": 0,
        "shape": "TRAPEZOID",
      },
    ],
    "identical": true,
    "index": 7,
    "offsetA": {
      "fx": -0.477,
      "fy": 0.866,
    },
    "offsetB": {
      "fx": -0.319,
      "fy": -0.65,
    },
  },
  {
    "a": [
      {
        "kind": "CHAR",
        "value": "1",
      },
      {
        "kind": "CHAR",
        "value": "9",
      },
      {
        "kind": "SHAPE",
        "rotation": 0,
        "shape": "TRAPEZOID",
      },
      {
        "kind": "SHAPE",
        "rotation": 180,
        "shape": "TRAPEZOID",
      },
      {
        "kind": "CHAR",
        "value": "P",
      },
      {
        "kind": "CHAR",
        "value": "4",
      },
    ],
    "b": [
      {
        "kind": "CHAR",
        "value": "1",
      },
      {
        "kind": "CHAR",
        "value": "9",
      },
      {
        "kind": "SHAPE",
        "rotation": 0,
        "shape": "TRAPEZOID",
      },
      {
        "kind": "SHAPE",
        "rotation": 180,
        "shape": "TRAPEZOID",
      },
      {
        "kind": "CHAR",
        "value": "P",
      },
      {
        "kind": "CHAR",
        "value": "4",
      },
    ],
    "identical": true,
    "index": 8,
    "offsetA": {
      "fx": -0.251,
      "fy": -0.167,
    },
    "offsetB": {
      "fx": 0.899,
      "fy": 0.472,
    },
  },
  {
    "a": [
      {
        "kind": "CHAR",
        "value": "L",
      },
      {
        "kind": "SHAPE",
        "rotation": 0,
        "shape": "CIRCLE",
      },
      {
        "kind": "SHAPE",
        "rotation": 0,
        "shape": "CIRCLE",
      },
      {
        "kind": "SHAPE",
        "rotation": 0,
        "shape": "TRIANGLE",
      },
      {
        "kind": "SHAPE",
        "rotation": 0,
        "shape": "RECTANGLE",
      },
      {
        "kind": "SHAPE",
        "rotation": 180,
        "shape": "TRAPEZOID",
      },
    ],
    "b": [
      {
        "kind": "CHAR",
        "value": "L",
      },
      {
        "kind": "SHAPE",
        "rotation": 0,
        "shape": "CIRCLE",
      },
      {
        "kind": "SHAPE",
        "rotation": 0,
        "shape": "CIRCLE",
      },
      {
        "kind": "SHAPE",
        "rotation": 90,
        "shape": "TRIANGLE",
      },
      {
        "kind": "SHAPE",
        "rotation": 0,
        "shape": "RECTANGLE",
      },
      {
        "kind": "SHAPE",
        "rotation": 180,
        "shape": "TRAPEZOID",
      },
    ],
    "identical": false,
    "index": 9,
    "offsetA": {
      "fx": 0.656,
      "fy": 0.28,
    },
    "offsetB": {
      "fx": -0.017,
      "fy": 0.474,
    },
  },
  {
    "a": [
      {
        "kind": "SHAPE",
        "rotation": 0,
        "shape": "TRIANGLE",
      },
      {
        "kind": "SHAPE",
        "rotation": 0,
        "shape": "TRAPEZOID_LEFT",
      },
      {
        "kind": "CHAR",
        "value": "E",
      },
      {
        "kind": "CHAR",
        "value": "X",
      },
      {
        "kind": "CHAR",
        "value": "9",
      },
      {
        "kind": "CHAR",
        "value": "U",
      },
    ],
    "b": [
      {
        "kind": "SHAPE",
        "rotation": 0,
        "shape": "TRIANGLE",
      },
      {
        "kind": "SHAPE",
        "rotation": 0,
        "shape": "TRAPEZOID_LEFT",
      },
      {
        "kind": "CHAR",
        "value": "E",
      },
      {
        "kind": "CHAR",
        "value": "X",
      },
      {
        "kind": "CHAR",
        "value": "9",
      },
      {
        "kind": "CHAR",
        "value": "U",
      },
    ],
    "identical": true,
    "index": 10,
    "offsetA": {
      "fx": -0.206,
      "fy": -0.026,
    },
    "offsetB": {
      "fx": 0.051,
      "fy": -0.726,
    },
  },
  {
    "a": [
      {
        "kind": "CHAR",
        "value": "Z",
      },
      {
        "kind": "CHAR",
        "value": "4",
      },
      {
        "kind": "SHAPE",
        "rotation": 0,
        "shape": "TRAPEZOID",
      },
      {
        "kind": "SHAPE",
        "rotation": 180,
        "shape": "TRIANGLE",
      },
      {
        "kind": "SHAPE",
        "rotation": 0,
        "shape": "TRAPEZOID",
      },
      {
        "kind": "CHAR",
        "value": "D",
      },
    ],
    "b": [
      {
        "kind": "CHAR",
        "value": "2",
      },
      {
        "kind": "CHAR",
        "value": "4",
      },
      {
        "kind": "SHAPE",
        "rotation": 0,
        "shape": "TRAPEZOID",
      },
      {
        "kind": "SHAPE",
        "rotation": 180,
        "shape": "TRIANGLE",
      },
      {
        "kind": "SHAPE",
        "rotation": 0,
        "shape": "TRAPEZOID",
      },
      {
        "kind": "CHAR",
        "value": "D",
      },
    ],
    "identical": false,
    "index": 11,
    "offsetA": {
      "fx": 0.355,
      "fy": -0.304,
    },
    "offsetB": {
      "fx": 0.946,
      "fy": 0.063,
    },
  },
  {
    "a": [
      {
        "kind": "CHAR",
        "value": "6",
      },
      {
        "kind": "CHAR",
        "value": "R",
      },
      {
        "kind": "CHAR",
        "value": "K",
      },
      {
        "kind": "CHAR",
        "value": "5",
      },
      {
        "kind": "SHAPE",
        "rotation": 0,
        "shape": "TRAPEZOID_LEFT",
      },
      {
        "kind": "CHAR",
        "value": "8",
      },
    ],
    "b": [
      {
        "kind": "CHAR",
        "value": "6",
      },
      {
        "kind": "CHAR",
        "value": "R",
      },
      {
        "kind": "CHAR",
        "value": "K",
      },
      {
        "kind": "CHAR",
        "value": "S",
      },
      {
        "kind": "SHAPE",
        "rotation": 0,
        "shape": "TRAPEZOID_LEFT",
      },
      {
        "kind": "CHAR",
        "value": "8",
      },
    ],
    "identical": false,
    "index": 12,
    "offsetA": {
      "fx": 0.65,
      "fy": -0.759,
    },
    "offsetB": {
      "fx": 0.378,
      "fy": -0.307,
    },
  },
  {
    "a": [
      {
        "kind": "SHAPE",
        "rotation": 0,
        "shape": "TRAPEZOID_LEFT",
      },
      {
        "kind": "SHAPE",
        "rotation": 0,
        "shape": "RECTANGLE",
      },
      {
        "kind": "CHAR",
        "value": "2",
      },
      {
        "kind": "CHAR",
        "value": "U",
      },
      {
        "kind": "CHAR",
        "value": "Z",
      },
      {
        "kind": "CHAR",
        "value": "S",
      },
    ],
    "b": [
      {
        "kind": "SHAPE",
        "rotation": 0,
        "shape": "TRAPEZOID_LEFT",
      },
      {
        "kind": "SHAPE",
        "rotation": 0,
        "shape": "RECTANGLE",
      },
      {
        "kind": "CHAR",
        "value": "2",
      },
      {
        "kind": "CHAR",
        "value": "U",
      },
      {
        "kind": "CHAR",
        "value": "Z",
      },
      {
        "kind": "CHAR",
        "value": "S",
      },
    ],
    "identical": true,
    "index": 13,
    "offsetA": {
      "fx": -0.934,
      "fy": -0.72,
    },
    "offsetB": {
      "fx": -0.098,
      "fy": -0.327,
    },
  },
  {
    "a": [
      {
        "kind": "CHAR",
        "value": "V",
      },
      {
        "kind": "SHAPE",
        "rotation": 0,
        "shape": "SQUARE",
      },
      {
        "kind": "SHAPE",
        "rotation": 0,
        "shape": "TRAPEZOID_LEFT",
      },
      {
        "kind": "CHAR",
        "value": "F",
      },
      {
        "kind": "SHAPE",
        "rotation": 0,
        "shape": "RECTANGLE",
      },
      {
        "kind": "CHAR",
        "value": "1",
      },
    ],
    "b": [
      {
        "kind": "CHAR",
        "value": "U",
      },
      {
        "kind": "SHAPE",
        "rotation": 0,
        "shape": "SQUARE",
      },
      {
        "kind": "SHAPE",
        "rotation": 0,
        "shape": "TRAPEZOID_LEFT",
      },
      {
        "kind": "CHAR",
        "value": "F",
      },
      {
        "kind": "SHAPE",
        "rotation": 0,
        "shape": "RECTANGLE",
      },
      {
        "kind": "CHAR",
        "value": "1",
      },
    ],
    "identical": false,
    "index": 14,
    "offsetA": {
      "fx": -0.66,
      "fy": 0.347,
    },
    "offsetB": {
      "fx": -0.766,
      "fy": 0.927,
    },
  },
  {
    "a": [
      {
        "kind": "CHAR",
        "value": "L",
      },
      {
        "kind": "CHAR",
        "value": "E",
      },
      {
        "kind": "SHAPE",
        "rotation": 0,
        "shape": "CIRCLE",
      },
      {
        "kind": "CHAR",
        "value": "Y",
      },
      {
        "kind": "CHAR",
        "value": "5",
      },
      {
        "kind": "SHAPE",
        "rotation": 180,
        "shape": "TRAPEZOID",
      },
    ],
    "b": [
      {
        "kind": "CHAR",
        "value": "L",
      },
      {
        "kind": "CHAR",
        "value": "E",
      },
      {
        "kind": "SHAPE",
        "rotation": 0,
        "shape": "CIRCLE",
      },
      {
        "kind": "CHAR",
        "value": "Y",
      },
      {
        "kind": "CHAR",
        "value": "S",
      },
      {
        "kind": "SHAPE",
        "rotation": 180,
        "shape": "TRAPEZOID",
      },
    ],
    "identical": false,
    "index": 15,
    "offsetA": {
      "fx": -0.056,
      "fy": 0.333,
    },
    "offsetB": {
      "fx": -0.591,
      "fy": -0.412,
    },
  },
  {
    "a": [
      {
        "kind": "SHAPE",
        "rotation": 90,
        "shape": "TRIANGLE",
      },
      {
        "kind": "SHAPE",
        "rotation": 0,
        "shape": "TRIANGLE",
      },
      {
        "kind": "CHAR",
        "value": "3",
      },
      {
        "kind": "SHAPE",
        "rotation": 0,
        "shape": "SQUARE",
      },
      {
        "kind": "CHAR",
        "value": "G",
      },
      {
        "kind": "CHAR",
        "value": "7",
      },
    ],
    "b": [
      {
        "kind": "SHAPE",
        "rotation": 90,
        "shape": "TRIANGLE",
      },
      {
        "kind": "SHAPE",
        "rotation": 0,
        "shape": "TRIANGLE",
      },
      {
        "kind": "CHAR",
        "value": "3",
      },
      {
        "kind": "SHAPE",
        "rotation": 0,
        "shape": "SQUARE",
      },
      {
        "kind": "CHAR",
        "value": "G",
      },
      {
        "kind": "CHAR",
        "value": "7",
      },
    ],
    "identical": true,
    "index": 16,
    "offsetA": {
      "fx": -0.149,
      "fy": -0.309,
    },
    "offsetB": {
      "fx": -0.612,
      "fy": 0.757,
    },
  },
  {
    "a": [
      {
        "kind": "CHAR",
        "value": "X",
      },
      {
        "kind": "CHAR",
        "value": "2",
      },
      {
        "kind": "CHAR",
        "value": "1",
      },
      {
        "kind": "CHAR",
        "value": "6",
      },
      {
        "kind": "CHAR",
        "value": "C",
      },
      {
        "kind": "CHAR",
        "value": "S",
      },
    ],
    "b": [
      {
        "kind": "CHAR",
        "value": "K",
      },
      {
        "kind": "CHAR",
        "value": "2",
      },
      {
        "kind": "CHAR",
        "value": "1",
      },
      {
        "kind": "CHAR",
        "value": "6",
      },
      {
        "kind": "CHAR",
        "value": "C",
      },
      {
        "kind": "CHAR",
        "value": "S",
      },
    ],
    "identical": false,
    "index": 17,
    "offsetA": {
      "fx": -0.347,
      "fy": -0.546,
    },
    "offsetB": {
      "fx": 0.836,
      "fy": 0.016,
    },
  },
  {
    "a": [
      {
        "kind": "CHAR",
        "value": "Y",
      },
      {
        "kind": "SHAPE",
        "rotation": 180,
        "shape": "TRAPEZOID",
      },
      {
        "kind": "SHAPE",
        "rotation": 0,
        "shape": "SQUARE",
      },
      {
        "kind": "CHAR",
        "value": "P",
      },
      {
        "kind": "CHAR",
        "value": "4",
      },
      {
        "kind": "CHAR",
        "value": "S",
      },
      {
        "kind": "SHAPE",
        "rotation": 0,
        "shape": "TRAPEZOID_RIGHT",
      },
    ],
    "b": [
      {
        "kind": "CHAR",
        "value": "Y",
      },
      {
        "kind": "SHAPE",
        "rotation": 180,
        "shape": "TRAPEZOID",
      },
      {
        "kind": "SHAPE",
        "rotation": 0,
        "shape": "SQUARE",
      },
      {
        "kind": "CHAR",
        "value": "P",
      },
      {
        "kind": "CHAR",
        "value": "4",
      },
      {
        "kind": "CHAR",
        "value": "S",
      },
      {
        "kind": "SHAPE",
        "rotation": 0,
        "shape": "TRAPEZOID_RIGHT",
      },
    ],
    "identical": true,
    "index": 18,
    "offsetA": {
      "fx": 0.014,
      "fy": -0.844,
    },
    "offsetB": {
      "fx": 0.416,
      "fy": 0.103,
    },
  },
  {
    "a": [
      {
        "kind": "SHAPE",
        "rotation": 0,
        "shape": "RECTANGLE",
      },
      {
        "kind": "SHAPE",
        "rotation": 180,
        "shape": "TRAPEZOID",
      },
      {
        "kind": "CHAR",
        "value": "Z",
      },
      {
        "kind": "CHAR",
        "value": "X",
      },
      {
        "kind": "SHAPE",
        "rotation": 180,
        "shape": "TRIANGLE",
      },
      {
        "kind": "SHAPE",
        "rotation": 0,
        "shape": "TRAPEZOID_LEFT",
      },
      {
        "kind": "CHAR",
        "value": "X",
      },
    ],
    "b": [
      {
        "kind": "SHAPE",
        "rotation": 0,
        "shape": "RECTANGLE",
      },
      {
        "kind": "SHAPE",
        "rotation": 180,
        "shape": "TRAPEZOID",
      },
      {
        "kind": "CHAR",
        "value": "Z",
      },
      {
        "kind": "CHAR",
        "value": "X",
      },
      {
        "kind": "SHAPE",
        "rotation": 180,
        "shape": "TRIANGLE",
      },
      {
        "kind": "SHAPE",
        "rotation": 0,
        "shape": "TRAPEZOID_LEFT",
      },
      {
        "kind": "CHAR",
        "value": "X",
      },
    ],
    "identical": true,
    "index": 19,
    "offsetA": {
      "fx": 0.198,
      "fy": 0.199,
    },
    "offsetB": {
      "fx": 0.516,
      "fy": 0.982,
    },
  },
  {
    "a": [
      {
        "kind": "SHAPE",
        "rotation": 0,
        "shape": "RECTANGLE",
      },
      {
        "kind": "CHAR",
        "value": "Q",
      },
      {
        "kind": "CHAR",
        "value": "9",
      },
      {
        "kind": "CHAR",
        "value": "R",
      },
      {
        "kind": "SHAPE",
        "rotation": 0,
        "shape": "RECTANGLE",
      },
      {
        "kind": "CHAR",
        "value": "U",
      },
      {
        "kind": "CHAR",
        "value": "S",
      },
    ],
    "b": [
      {
        "kind": "SHAPE",
        "rotation": 0,
        "shape": "RECTANGLE",
      },
      {
        "kind": "CHAR",
        "value": "Q",
      },
      {
        "kind": "CHAR",
        "value": "9",
      },
      {
        "kind": "CHAR",
        "value": "R",
      },
      {
        "kind": "SHAPE",
        "rotation": 0,
        "shape": "SQUARE",
      },
      {
        "kind": "CHAR",
        "value": "U",
      },
      {
        "kind": "CHAR",
        "value": "S",
      },
    ],
    "identical": false,
    "index": 20,
    "offsetA": {
      "fx": -0.164,
      "fy": -0.926,
    },
    "offsetB": {
      "fx": -0.94,
      "fy": 0.621,
    },
  },
  {
    "a": [
      {
        "kind": "SHAPE",
        "rotation": 0,
        "shape": "TRAPEZOID_LEFT",
      },
      {
        "kind": "CHAR",
        "value": "F",
      },
      {
        "kind": "SHAPE",
        "rotation": 0,
        "shape": "SQUARE",
      },
      {
        "kind": "SHAPE",
        "rotation": 0,
        "shape": "TRAPEZOID_LEFT",
      },
      {
        "kind": "SHAPE",
        "rotation": 180,
        "shape": "TRAPEZOID",
      },
      {
        "kind": "SHAPE",
        "rotation": 0,
        "shape": "CIRCLE",
      },
      {
        "kind": "CHAR",
        "value": "5",
      },
    ],
    "b": [
      {
        "kind": "SHAPE",
        "rotation": 0,
        "shape": "RECTANGLE",
      },
      {
        "kind": "CHAR",
        "value": "F",
      },
      {
        "kind": "SHAPE",
        "rotation": 0,
        "shape": "SQUARE",
      },
      {
        "kind": "SHAPE",
        "rotation": 0,
        "shape": "TRAPEZOID_LEFT",
      },
      {
        "kind": "SHAPE",
        "rotation": 180,
        "shape": "TRAPEZOID",
      },
      {
        "kind": "SHAPE",
        "rotation": 0,
        "shape": "CIRCLE",
      },
      {
        "kind": "CHAR",
        "value": "5",
      },
    ],
    "identical": false,
    "index": 21,
    "offsetA": {
      "fx": 0.12,
      "fy": 0.445,
    },
    "offsetB": {
      "fx": 0.367,
      "fy": 0.112,
    },
  },
  {
    "a": [
      {
        "kind": "SHAPE",
        "rotation": 0,
        "shape": "TRAPEZOID_RIGHT",
      },
      {
        "kind": "SHAPE",
        "rotation": 0,
        "shape": "TRAPEZOID_LEFT",
      },
      {
        "kind": "SHAPE",
        "rotation": 0,
        "shape": "TRAPEZOID_LEFT",
      },
      {
        "kind": "SHAPE",
        "rotation": 0,
        "shape": "TRAPEZOID_RIGHT",
      },
      {
        "kind": "SHAPE",
        "rotation": 180,
        "shape": "TRAPEZOID",
      },
      {
        "kind": "SHAPE",
        "rotation": 0,
        "shape": "SQUARE",
      },
      {
        "kind": "SHAPE",
        "rotation": 0,
        "shape": "TRIANGLE",
      },
    ],
    "b": [
      {
        "kind": "SHAPE",
        "rotation": 0,
        "shape": "TRAPEZOID_RIGHT",
      },
      {
        "kind": "SHAPE",
        "rotation": 0,
        "shape": "TRAPEZOID_LEFT",
      },
      {
        "kind": "SHAPE",
        "rotation": 0,
        "shape": "TRAPEZOID_LEFT",
      },
      {
        "kind": "SHAPE",
        "rotation": 0,
        "shape": "TRAPEZOID_RIGHT",
      },
      {
        "kind": "SHAPE",
        "rotation": 180,
        "shape": "TRAPEZOID",
      },
      {
        "kind": "SHAPE",
        "rotation": 0,
        "shape": "SQUARE",
      },
      {
        "kind": "SHAPE",
        "rotation": 0,
        "shape": "TRIANGLE",
      },
    ],
    "identical": true,
    "index": 22,
    "offsetA": {
      "fx": 0.55,
      "fy": -0.023,
    },
    "offsetB": {
      "fx": -0.857,
      "fy": 0.125,
    },
  },
  {
    "a": [
      {
        "kind": "CHAR",
        "value": "Q",
      },
      {
        "kind": "CHAR",
        "value": "U",
      },
      {
        "kind": "CHAR",
        "value": "4",
      },
      {
        "kind": "CHAR",
        "value": "2",
      },
      {
        "kind": "SHAPE",
        "rotation": 0,
        "shape": "SQUARE",
      },
      {
        "kind": "SHAPE",
        "rotation": 0,
        "shape": "RECTANGLE",
      },
      {
        "kind": "CHAR",
        "value": "G",
      },
    ],
    "b": [
      {
        "kind": "CHAR",
        "value": "Q",
      },
      {
        "kind": "CHAR",
        "value": "U",
      },
      {
        "kind": "CHAR",
        "value": "4",
      },
      {
        "kind": "CHAR",
        "value": "2",
      },
      {
        "kind": "SHAPE",
        "rotation": 0,
        "shape": "SQUARE",
      },
      {
        "kind": "SHAPE",
        "rotation": 0,
        "shape": "TRAPEZOID_LEFT",
      },
      {
        "kind": "CHAR",
        "value": "G",
      },
    ],
    "identical": false,
    "index": 23,
    "offsetA": {
      "fx": -0.837,
      "fy": 0.136,
    },
    "offsetB": {
      "fx": -0.809,
      "fy": 0.276,
    },
  },
  {
    "a": [
      {
        "kind": "CHAR",
        "value": "K",
      },
      {
        "kind": "CHAR",
        "value": "4",
      },
      {
        "kind": "CHAR",
        "value": "7",
      },
      {
        "kind": "SHAPE",
        "rotation": 0,
        "shape": "SQUARE",
      },
      {
        "kind": "SHAPE",
        "rotation": 0,
        "shape": "TRAPEZOID_RIGHT",
      },
      {
        "kind": "SHAPE",
        "rotation": 0,
        "shape": "RECTANGLE",
      },
      {
        "kind": "CHAR",
        "value": "3",
      },
    ],
    "b": [
      {
        "kind": "CHAR",
        "value": "K",
      },
      {
        "kind": "CHAR",
        "value": "4",
      },
      {
        "kind": "CHAR",
        "value": "7",
      },
      {
        "kind": "SHAPE",
        "rotation": 0,
        "shape": "SQUARE",
      },
      {
        "kind": "SHAPE",
        "rotation": 0,
        "shape": "TRAPEZOID_LEFT",
      },
      {
        "kind": "SHAPE",
        "rotation": 0,
        "shape": "RECTANGLE",
      },
      {
        "kind": "CHAR",
        "value": "3",
      },
    ],
    "identical": false,
    "index": 24,
    "offsetA": {
      "fx": 0.008,
      "fy": 0.058,
    },
    "offsetB": {
      "fx": 0.734,
      "fy": 0.369,
    },
  },
  {
    "a": [
      {
        "kind": "SHAPE",
        "rotation": 0,
        "shape": "RECTANGLE",
      },
      {
        "kind": "CHAR",
        "value": "7",
      },
      {
        "kind": "CHAR",
        "value": "1",
      },
      {
        "kind": "CHAR",
        "value": "E",
      },
      {
        "kind": "SHAPE",
        "rotation": 0,
        "shape": "TRAPEZOID_RIGHT",
      },
      {
        "kind": "CHAR",
        "value": "R",
      },
      {
        "kind": "SHAPE",
        "rotation": 0,
        "shape": "RECTANGLE",
      },
    ],
    "b": [
      {
        "kind": "SHAPE",
        "rotation": 0,
        "shape": "RECTANGLE",
      },
      {
        "kind": "CHAR",
        "value": "7",
      },
      {
        "kind": "CHAR",
        "value": "1",
      },
      {
        "kind": "CHAR",
        "value": "E",
      },
      {
        "kind": "SHAPE",
        "rotation": 0,
        "shape": "TRAPEZOID_RIGHT",
      },
      {
        "kind": "CHAR",
        "value": "R",
      },
      {
        "kind": "SHAPE",
        "rotation": 0,
        "shape": "RECTANGLE",
      },
    ],
    "identical": true,
    "index": 25,
    "offsetA": {
      "fx": -0.452,
      "fy": 0.695,
    },
    "offsetB": {
      "fx": 0.865,
      "fy": 0.011,
    },
  },
  {
    "a": [
      {
        "kind": "CHAR",
        "value": "B",
      },
      {
        "kind": "CHAR",
        "value": "R",
      },
      {
        "kind": "SHAPE",
        "rotation": 0,
        "shape": "TRIANGLE",
      },
      {
        "kind": "SHAPE",
        "rotation": 90,
        "shape": "TRIANGLE",
      },
      {
        "kind": "SHAPE",
        "rotation": 0,
        "shape": "TRAPEZOID",
      },
      {
        "kind": "SHAPE",
        "rotation": 0,
        "shape": "RECTANGLE",
      },
      {
        "kind": "CHAR",
        "value": "K",
      },
    ],
    "b": [
      {
        "kind": "CHAR",
        "value": "B",
      },
      {
        "kind": "CHAR",
        "value": "R",
      },
      {
        "kind": "SHAPE",
        "rotation": 0,
        "shape": "TRIANGLE",
      },
      {
        "kind": "SHAPE",
        "rotation": 90,
        "shape": "TRIANGLE",
      },
      {
        "kind": "SHAPE",
        "rotation": 0,
        "shape": "TRAPEZOID_RIGHT",
      },
      {
        "kind": "SHAPE",
        "rotation": 0,
        "shape": "RECTANGLE",
      },
      {
        "kind": "CHAR",
        "value": "K",
      },
    ],
    "identical": false,
    "index": 26,
    "offsetA": {
      "fx": -0.445,
      "fy": -0.542,
    },
    "offsetB": {
      "fx": -0.235,
      "fy": -0.412,
    },
  },
  {
    "a": [
      {
        "kind": "CHAR",
        "value": "D",
      },
      {
        "kind": "SHAPE",
        "rotation": 0,
        "shape": "TRAPEZOID_LEFT",
      },
      {
        "kind": "SHAPE",
        "rotation": 0,
        "shape": "TRAPEZOID_RIGHT",
      },
      {
        "kind": "SHAPE",
        "rotation": 180,
        "shape": "TRAPEZOID",
      },
      {
        "kind": "SHAPE",
        "rotation": 0,
        "shape": "TRAPEZOID_RIGHT",
      },
      {
        "kind": "CHAR",
        "value": "Y",
      },
      {
        "kind": "CHAR",
        "value": "P",
      },
    ],
    "b": [
      {
        "kind": "CHAR",
        "value": "D",
      },
      {
        "kind": "SHAPE",
        "rotation": 0,
        "shape": "TRAPEZOID_LEFT",
      },
      {
        "kind": "SHAPE",
        "rotation": 0,
        "shape": "TRAPEZOID_RIGHT",
      },
      {
        "kind": "SHAPE",
        "rotation": 180,
        "shape": "TRAPEZOID",
      },
      {
        "kind": "SHAPE",
        "rotation": 0,
        "shape": "TRAPEZOID_RIGHT",
      },
      {
        "kind": "CHAR",
        "value": "Y",
      },
      {
        "kind": "CHAR",
        "value": "P",
      },
    ],
    "identical": true,
    "index": 27,
    "offsetA": {
      "fx": 0.523,
      "fy": -0.446,
    },
    "offsetB": {
      "fx": 0.37,
      "fy": 0.666,
    },
  },
  {
    "a": [
      {
        "kind": "CHAR",
        "value": "X",
      },
      {
        "kind": "CHAR",
        "value": "C",
      },
      {
        "kind": "SHAPE",
        "rotation": 180,
        "shape": "TRAPEZOID",
      },
      {
        "kind": "CHAR",
        "value": "R",
      },
      {
        "kind": "SHAPE",
        "rotation": 0,
        "shape": "TRAPEZOID_LEFT",
      },
      {
        "kind": "SHAPE",
        "rotation": 0,
        "shape": "TRAPEZOID_RIGHT",
      },
      {
        "kind": "SHAPE",
        "rotation": 0,
        "shape": "RECTANGLE",
      },
    ],
    "b": [
      {
        "kind": "CHAR",
        "value": "X",
      },
      {
        "kind": "CHAR",
        "value": "C",
      },
      {
        "kind": "SHAPE",
        "rotation": 180,
        "shape": "TRAPEZOID",
      },
      {
        "kind": "CHAR",
        "value": "R",
      },
      {
        "kind": "SHAPE",
        "rotation": 0,
        "shape": "RECTANGLE",
      },
      {
        "kind": "SHAPE",
        "rotation": 0,
        "shape": "TRAPEZOID_RIGHT",
      },
      {
        "kind": "SHAPE",
        "rotation": 0,
        "shape": "RECTANGLE",
      },
    ],
    "identical": false,
    "index": 28,
    "offsetA": {
      "fx": -0.503,
      "fy": 0.316,
    },
    "offsetB": {
      "fx": 0.932,
      "fy": 0.869,
    },
  },
  {
    "a": [
      {
        "kind": "SHAPE",
        "rotation": 270,
        "shape": "TRIANGLE",
      },
      {
        "kind": "CHAR",
        "value": "9",
      },
      {
        "kind": "CHAR",
        "value": "A",
      },
      {
        "kind": "SHAPE",
        "rotation": 0,
        "shape": "RECTANGLE",
      },
      {
        "kind": "SHAPE",
        "rotation": 0,
        "shape": "TRAPEZOID_LEFT",
      },
      {
        "kind": "CHAR",
        "value": "C",
      },
      {
        "kind": "CHAR",
        "value": "F",
      },
    ],
    "b": [
      {
        "kind": "SHAPE",
        "rotation": 0,
        "shape": "TRAPEZOID",
      },
      {
        "kind": "CHAR",
        "value": "9",
      },
      {
        "kind": "CHAR",
        "value": "A",
      },
      {
        "kind": "SHAPE",
        "rotation": 0,
        "shape": "RECTANGLE",
      },
      {
        "kind": "SHAPE",
        "rotation": 0,
        "shape": "TRAPEZOID_LEFT",
      },
      {
        "kind": "CHAR",
        "value": "C",
      },
      {
        "kind": "CHAR",
        "value": "F",
      },
    ],
    "identical": false,
    "index": 29,
    "offsetA": {
      "fx": -0.682,
      "fy": -0.648,
    },
    "offsetB": {
      "fx": -0.905,
      "fy": 0.308,
    },
  },
  {
    "a": [
      {
        "kind": "CHAR",
        "value": "L",
      },
      {
        "kind": "CHAR",
        "value": "6",
      },
      {
        "kind": "CHAR",
        "value": "U",
      },
      {
        "kind": "CHAR",
        "value": "A",
      },
      {
        "kind": "SHAPE",
        "rotation": 0,
        "shape": "SQUARE",
      },
      {
        "kind": "SHAPE",
        "rotation": 0,
        "shape": "TRAPEZOID_LEFT",
      },
      {
        "kind": "CHAR",
        "value": "8",
      },
      {
        "kind": "CHAR",
        "value": "Y",
      },
    ],
    "b": [
      {
        "kind": "CHAR",
        "value": "L",
      },
      {
        "kind": "CHAR",
        "value": "6",
      },
      {
        "kind": "CHAR",
        "value": "U",
      },
      {
        "kind": "CHAR",
        "value": "A",
      },
      {
        "kind": "SHAPE",
        "rotation": 0,
        "shape": "SQUARE",
      },
      {
        "kind": "SHAPE",
        "rotation": 0,
        "shape": "TRAPEZOID_LEFT",
      },
      {
        "kind": "CHAR",
        "value": "8",
      },
      {
        "kind": "CHAR",
        "value": "Y",
      },
    ],
    "identical": true,
    "index": 30,
    "offsetA": {
      "fx": -0.052,
      "fy": -0.341,
    },
    "offsetB": {
      "fx": -0.524,
      "fy": -0.542,
    },
  },
  {
    "a": [
      {
        "kind": "SHAPE",
        "rotation": 0,
        "shape": "TRAPEZOID",
      },
      {
        "kind": "SHAPE",
        "rotation": 0,
        "shape": "RECTANGLE",
      },
      {
        "kind": "SHAPE",
        "rotation": 0,
        "shape": "CIRCLE",
      },
      {
        "kind": "SHAPE",
        "rotation": 0,
        "shape": "SQUARE",
      },
      {
        "kind": "SHAPE",
        "rotation": 0,
        "shape": "TRAPEZOID",
      },
      {
        "kind": "CHAR",
        "value": "L",
      },
      {
        "kind": "CHAR",
        "value": "C",
      },
      {
        "kind": "SHAPE",
        "rotation": 180,
        "shape": "TRAPEZOID",
      },
    ],
    "b": [
      {
        "kind": "SHAPE",
        "rotation": 0,
        "shape": "TRAPEZOID",
      },
      {
        "kind": "SHAPE",
        "rotation": 0,
        "shape": "RECTANGLE",
      },
      {
        "kind": "SHAPE",
        "rotation": 0,
        "shape": "CIRCLE",
      },
      {
        "kind": "SHAPE",
        "rotation": 0,
        "shape": "SQUARE",
      },
      {
        "kind": "SHAPE",
        "rotation": 0,
        "shape": "TRAPEZOID",
      },
      {
        "kind": "CHAR",
        "value": "L",
      },
      {
        "kind": "CHAR",
        "value": "C",
      },
      {
        "kind": "SHAPE",
        "rotation": 180,
        "shape": "TRAPEZOID",
      },
    ],
    "identical": true,
    "index": 31,
    "offsetA": {
      "fx": 0.346,
      "fy": 0.082,
    },
    "offsetB": {
      "fx": 0.205,
      "fy": 0.506,
    },
  },
  {
    "a": [
      {
        "kind": "CHAR",
        "value": "X",
      },
      {
        "kind": "CHAR",
        "value": "2",
      },
      {
        "kind": "CHAR",
        "value": "9",
      },
      {
        "kind": "CHAR",
        "value": "1",
      },
      {
        "kind": "SHAPE",
        "rotation": 0,
        "shape": "RECTANGLE",
      },
      {
        "kind": "CHAR",
        "value": "F",
      },
      {
        "kind": "CHAR",
        "value": "Y",
      },
      {
        "kind": "CHAR",
        "value": "A",
      },
    ],
    "b": [
      {
        "kind": "CHAR",
        "value": "X",
      },
      {
        "kind": "CHAR",
        "value": "2",
      },
      {
        "kind": "CHAR",
        "value": "9",
      },
      {
        "kind": "CHAR",
        "value": "1",
      },
      {
        "kind": "SHAPE",
        "rotation": 0,
        "shape": "RECTANGLE",
      },
      {
        "kind": "CHAR",
        "value": "F",
      },
      {
        "kind": "CHAR",
        "value": "Y",
      },
      {
        "kind": "CHAR",
        "value": "A",
      },
    ],
    "identical": true,
    "index": 32,
    "offsetA": {
      "fx": 0.751,
      "fy": -0.698,
    },
    "offsetB": {
      "fx": -0.598,
      "fy": 0.289,
    },
  },
  {
    "a": [
      {
        "kind": "SHAPE",
        "rotation": 0,
        "shape": "TRAPEZOID_LEFT",
      },
      {
        "kind": "CHAR",
        "value": "S",
      },
      {
        "kind": "CHAR",
        "value": "U",
      },
      {
        "kind": "CHAR",
        "value": "5",
      },
      {
        "kind": "CHAR",
        "value": "S",
      },
      {
        "kind": "SHAPE",
        "rotation": 0,
        "shape": "TRAPEZOID_RIGHT",
      },
      {
        "kind": "SHAPE",
        "rotation": 0,
        "shape": "SQUARE",
      },
      {
        "kind": "SHAPE",
        "rotation": 0,
        "shape": "RECTANGLE",
      },
    ],
    "b": [
      {
        "kind": "SHAPE",
        "rotation": 0,
        "shape": "TRAPEZOID_LEFT",
      },
      {
        "kind": "CHAR",
        "value": "5",
      },
      {
        "kind": "CHAR",
        "value": "U",
      },
      {
        "kind": "CHAR",
        "value": "5",
      },
      {
        "kind": "CHAR",
        "value": "S",
      },
      {
        "kind": "SHAPE",
        "rotation": 0,
        "shape": "TRAPEZOID_RIGHT",
      },
      {
        "kind": "SHAPE",
        "rotation": 0,
        "shape": "SQUARE",
      },
      {
        "kind": "SHAPE",
        "rotation": 0,
        "shape": "RECTANGLE",
      },
    ],
    "identical": false,
    "index": 33,
    "offsetA": {
      "fx": 0.153,
      "fy": 0.219,
    },
    "offsetB": {
      "fx": -0.051,
      "fy": 0.131,
    },
  },
  {
    "a": [
      {
        "kind": "CHAR",
        "value": "D",
      },
      {
        "kind": "SHAPE",
        "rotation": 0,
        "shape": "CIRCLE",
      },
      {
        "kind": "CHAR",
        "value": "Q",
      },
      {
        "kind": "SHAPE",
        "rotation": 180,
        "shape": "TRIANGLE",
      },
      {
        "kind": "CHAR",
        "value": "4",
      },
      {
        "kind": "SHAPE",
        "rotation": 0,
        "shape": "CIRCLE",
      },
      {
        "kind": "SHAPE",
        "rotation": 0,
        "shape": "TRAPEZOID",
      },
      {
        "kind": "CHAR",
        "value": "K",
      },
    ],
    "b": [
      {
        "kind": "CHAR",
        "value": "D",
      },
      {
        "kind": "SHAPE",
        "rotation": 0,
        "shape": "CIRCLE",
      },
      {
        "kind": "CHAR",
        "value": "Q",
      },
      {
        "kind": "SHAPE",
        "rotation": 180,
        "shape": "TRIANGLE",
      },
      {
        "kind": "CHAR",
        "value": "4",
      },
      {
        "kind": "SHAPE",
        "rotation": 0,
        "shape": "CIRCLE",
      },
      {
        "kind": "SHAPE",
        "rotation": 0,
        "shape": "TRAPEZOID",
      },
      {
        "kind": "CHAR",
        "value": "X",
      },
    ],
    "identical": false,
    "index": 34,
    "offsetA": {
      "fx": 0.323,
      "fy": -0.865,
    },
    "offsetB": {
      "fx": -0.219,
      "fy": 0.444,
    },
  },
  {
    "a": [
      {
        "kind": "SHAPE",
        "rotation": 0,
        "shape": "RECTANGLE",
      },
      {
        "kind": "CHAR",
        "value": "8",
      },
      {
        "kind": "SHAPE",
        "rotation": 0,
        "shape": "CIRCLE",
      },
      {
        "kind": "SHAPE",
        "rotation": 270,
        "shape": "TRIANGLE",
      },
      {
        "kind": "CHAR",
        "value": "P",
      },
      {
        "kind": "CHAR",
        "value": "T",
      },
      {
        "kind": "SHAPE",
        "rotation": 0,
        "shape": "TRAPEZOID_RIGHT",
      },
      {
        "kind": "CHAR",
        "value": "B",
      },
    ],
    "b": [
      {
        "kind": "SHAPE",
        "rotation": 0,
        "shape": "RECTANGLE",
      },
      {
        "kind": "CHAR",
        "value": "8",
      },
      {
        "kind": "SHAPE",
        "rotation": 0,
        "shape": "CIRCLE",
      },
      {
        "kind": "SHAPE",
        "rotation": 270,
        "shape": "TRIANGLE",
      },
      {
        "kind": "CHAR",
        "value": "P",
      },
      {
        "kind": "CHAR",
        "value": "T",
      },
      {
        "kind": "SHAPE",
        "rotation": 0,
        "shape": "TRAPEZOID_RIGHT",
      },
      {
        "kind": "CHAR",
        "value": "B",
      },
    ],
    "identical": true,
    "index": 35,
    "offsetA": {
      "fx": -0.756,
      "fy": -0.871,
    },
    "offsetB": {
      "fx": -0.015,
      "fy": 0.216,
    },
  },
]
`;
