// Vitest Snapshot v1, https://vitest.dev/guide/snapshot.html

exports[`generateDiscriminationSession > matches the reference snapshot for a fixed seed 1`] = `
[
  {
    "a": [
      {
        "kind": "SHAPE",
        "rotation": 0,
        "shape": "SQUARE",
      },
      {
        "kind": "SHAPE",
        "rotation": 0,
        "shape": "TRAPEZOID_RIGHT",
      },
      {
        "kind": "CHAR",
        "value": "T",
      },
      {
        "kind": "CHAR",
        "value": "J",
      },
      {
        "kind": "SHAPE",
        "rotation": 0,
        "shape": "CIRCLE",
      },
    ],
    "b": [
      {
        "kind": "SHAPE",
        "rotation": 0,
        "shape": "SQUARE",
      },
      {
        "kind": "SHAPE",
        "rotation": 0,
        "shape": "TRAPEZOID_RIGHT",
      },
      {
        "kind": "CHAR",
        "value": "T",
      },
      {
        "kind": "CHAR",
        "value": "J",
      },
      {
        "kind": "SHAPE",
        "rotation": 0,
        "shape": "CIRCLE",
      },
    ],
    "identical": true,
    "index": 0,
    "offsetA": {
      "fx": -0.164,
      "fy": -0.974,
    },
    "offsetB": {
      "fx": 0.069,
      "fy": 0.406,
    },
  },
  {
    "a": [
      {
        "kind": "SHAPE",
        "rotation": 0,
        "shape": "SQUARE",
      },
      {
        "kind": "CHAR",
        "value": "V",
      },
      {
        "kind": "SHAPE",
        "rotation": 0,
        "shape": "TRAPEZOID_LEFT",
      },
      {
        "kind": "CHAR",
        "value": "V",
      },
      {
        "kind": "CHAR",
        "value": "R",
      },
    ],
    "b": [
      {
        "kind": "SHAPE",
        "rotation": 0,
        "shape": "SQUARE",
      },
      {
        "kind": "CHAR",
        "value": "V",
      },
      {
        "kind": "SHAPE",
        "rotation": 0,
        "shape": "TRAPEZOID_LEFT",
      },
      {
        "kind": "CHAR",
        "value": "V",
      },
      {
        "kind": "CHAR",
        "value": "P",
      },
    ],
    "identical": false,
    "index": 1,
    "offsetA": {
      "fx": -0.406,
      "fy": 0.742,
    },
    "offsetB": {
      "fx": 0.943,
      "fy": -0.224,
    },
  },
  {
    "a": [
      {
        "kind": "CHAR",
        "value": "F",
      },
      {
        "kind": "SHAPE",
        "rotation": 0,
        "shape": "TRAPEZOID_LEFT",
      },
      {
        "kind": "CHAR",
        "value": "N",
      },
      {
        "kind": "SHAPE",
        "rotation": 180,
        "shape": "TRAPEZOID",
      },
      {
        "kind": "SHAPE",
        "rotation": 0,
        "shape": "CIRCLE",
      },
    ],
    "b": [
      {
        "kind": "CHAR",
        "value": "E",
      },
      {
        "kind": "SHAPE",
        "rotation": 0,
        "shape": "TRAPEZOID_LEFT",
      },
      {
        "kind": "CHAR",
        "value": "N",
      },
      {
        "kind": "SHAPE",
        "rotation": 180,
        "shape": "TRAPEZOID",
      },
      {
        "kind": "SHAPE",
        "rotation": 0,
        "shape": "CIRCLE",
      },
    ],
    "identical": false,
    "index": 2,
    "offsetA": {
      "fx": 0.91,
      "fy": -0.826,
    },
    "offsetB": {
      "fx": -0.713,
      "fy": -0.395,
    },
  },
  {
    "a": [
      {
        "kind": "SHAPE",
        "rotation": 0,
        "shape": "SQUARE",
      },
      {
        "kind": "CHAR",
        "value": "X",
      },
      {
        "kind": "SHAPE",
        "rotation": 0,
        "shape": "RECTANGLE",
      },
      {
        "kind": "SHAPE",
        "rotation": 0,
        "shape": "CIRCLE",
      },
      {
        "kind": "CHAR",
        "value": "L",
      },
    ],
    "b": [
      {
        "kind": "SHAPE",
        "rotation": 0,
        "shape": "SQUARE",
      },
      {
        "kind": "CHAR",
        "value": "X",
      },
      {
        "kind": "SHAPE",
        "rotation": 0,
        "shape": "RECTANGLE",
      },
      {
        "kind": "SHAPE",
        "rotation": 0,
        "shape": "CIRCLE",
      },
      {
        "kind": "CHAR",
        "value": "L",
      },
    ],
    "identical": true,
    "index": 3,
    "offsetA": {
      "fx": 0.76,
      "fy": 0.422,
    },
    "offsetB": {
      "fx": -0.044,
      "fy": 0.712,
    },
  },
  {
    "a": [
      {
        "kind": "SHAPE",
        "rotation": 0,
        "shape": "CIRCLE",
      },
      {
        "kind": "CHAR",
        "value": "K",
      },
      {
        "kind": "CHAR",
        "value": "9",
      },
      {
        "kind": "CHAR",
        "value": "R",
      },
      {
        "kind": "CHAR",
        "value": "V",
      },
    ],
    "b": [
      {
        "kind": "SHAPE",
        "rotation": 0,
        "shape": "CIRCLE",
      },
      {
        "kind": "CHAR",
        "value": "K",
      },
      {
        "kind": "CHAR",
        "value": "9",
      },
      {
        "kind": "CHAR",
        "value": "R",
      },
      {
        "kind": "CHAR",
        "value": "V",
      },
    ],
    "identical": true,
    "index": 4,
    "offsetA": {
      "fx": 0.058,
      "fy": 0.255,
    },
    "offsetB": {
      "fx": -0.326,
      "fy": 0.223,
    },
  },
  {
    "a": [
      {
        "kind": "SHAPE",
        "rotation": 90,
        "shape": "TRIANGLE",
      },
      {
        "kind": "CHAR",
        "value": "E",
      },
      {
        "kind": "SHAPE",
        "rotation": 0,
        "shape": "CIRCLE",
      },
      {
        "kind": "CHAR",
        "value": "S",
      },
      {
        "kind": "CHAR",
        "value": "F",
      },
    ],
    "b": [
      {
        "kind": "SHAPE",
        "rotation": 90,
        "shape": "TRIANGLE",
      },
      {
        "kind": "CHAR",
        "value": "E",
      },
      {
        "kind": "SHAPE",
        "rotation": 0,
        "shape": "SQUARE",
      },
      {
        "kind": "CHAR",
        "value": "S",
      },
      {
        "kind": "CHAR",
        "value": "F",
      },
    ],
    "identical": false,
    "index": 5,
    "offsetA": {
      "fx": 0.099,
      "fy": -0.012,
    },
    "offsetB": {
      "fx": 0.273,
      "fy": -0.222,
    },
  },
  {
    "a": [
      {
        "kind": "CHAR",
        "value": "E",
      },
      {
        "kind": "SHAPE",
        "rotation": 0,
        "shape": "CIRCLE",
      },
      {
        "kind": "SHAPE",
        "rotation": 180,
        "shape": "TRIANGLE",
      },
      {
        "kind": "CHAR",
        "value": "J",
      },
      {
        "kind": "CHAR",
        "value": "X",
      },
      {
        "kind": "CHAR",
        "value": "2",
      },
    ],
    "b": [
      {
        "kind": "CHAR",
        "value": "E",
      },
      {
        "kind": "SHAPE",
        "rotation": 0,
        "shape": "SQUARE",
      },
      {
        "kind": "SHAPE",
        "rotation": 180,
        "shape": "TRIANGLE",
      },
      {
        "kind": "CHAR",
        "value": "J",
      },
      {
        "kind": "CHAR",
        "value": "X",
      },
      {
        "kind": "CHAR",
        "value": "2",
      },
    ],
    "identical": false,
    "index": 6,
    "offsetA": {
      "fx": -0.605,
      "fy": 0.033,
    },
    "offsetB": {
      "fx": -0.705,
      "fy": -0.875,
    },
  },
  {
    "a": [
      {
        "kind": "CHAR",
        "value": "5",
      },
      {
        "kind": "SHAPE",
        "rotation": 0,
        "shape": "RECTANGLE",
      },
      {
        "kind": "CHAR",
        "value": "R",
      },
      {
        "kind": "CHAR",
        "value": "H",
      },
      {
        "kind": "SHAPE",
        "rotation": 0,
        "shape": "TRAPEZOID_RIGHT",
      },
      {
        "kind": "CHAR",
        "value": "U",
      },
    ],
    "b": [
      {
        "kind": "CHAR",
        "value": "5",
      },
      {
        "kind": "SHAPE",
        "rotation": 0,
        "shape": "RECTANGLE",
      },
      {
        "kind": "CHAR",
        "value": "R",
      },
      {
        "kind": "CHAR",
        "value": "H",
      },
      {
        "kind": "SHAPE",
        "rotation": 0,
        "shape": "TRAPEZOID_RIGHT",
      },
      {
        "kind": "CHAR",
        "value": "U",
      },
    ],
    "identical": true,
    "index": 7,
    "offsetA": {
      "fx": 0.179,
      "fy": -0.446,
    },
    "offsetB": {
      "fx": 0.618,
      "fy": 0.502,
    },
  },
  {
    "a": [
      {
        "kind": "SHAPE",
        "rotation": 0,
        "shape": "TRAPEZOID_LEFT",
      },
      {
        "kind": "CHAR",
        "value": "8",
      },
      {
        "kind": "SHAPE",
        "rotation": 0,
        "shape": "CIRCLE",
      },
      {
        "kind": "CHAR",
        "value": "1",
      },
      {
        "kind": "CHAR",
        "value": "A",
      },
      {
        "kind": "SHAPE",
        "rotation": 0,
        "shape": "TRAPEZOID",
      },
    ],
    "b": [
      {
        "kind": "SHAPE",
        "rotation": 0,
        "shape": "TRAPEZOID_LEFT",
      },
      {
        "kind": "CHAR",
        "value": "8",
      },
      {
        "kind": "SHAPE",
        "rotation": 0,
        "shape": "CIRCLE",
      },
      {
        "kind": "CHAR",
        "value": "1",
      },
      {
        "kind": "CHAR",
        "value": "A",
      },
      {
        "kind": "SHAPE",
        "rotation": 0,
        "shape": "TRAPEZOID",
      },
    ],
    "identical": true,
    "index": 8,
    "offsetA": {
      "fx": 0.845,
      "fy": 0.262,
    },
    "offsetB": {
      "fx": 0.974,
      "fy": -0.228,
    },
  },
  {
    "a": [
      {
        "kind": "SHAPE",
        "rotation": 0,
        "shape": "RECTANGLE",
      },
      {
        "kind": "CHAR",
        "value": "E",
      },
      {
        "kind": "SHAPE",
        "rotation": 0,
        "shape": "TRAPEZOID_RIGHT",
      },
      {
        "kind": "SHAPE",
        "rotation": 0,
        "shape": "CIRCLE",
      },
      {
        "kind": "CHAR",
        "value": "W",
      },
      {
        "kind": "SHAPE",
        "rotation": 0,
        "shape": "CIRCLE",
      },
    ],
    "b": [
      {
        "kind": "SHAPE",
        "rotation": 0,
        "shape": "RECTANGLE",
      },
      {
        "kind": "CHAR",
        "value": "E",
      },
      {
        "kind": "SHAPE",
        "rotation": 0,
        "shape": "TRAPEZOID_RIGHT",
      },
      {
        "kind": "SHAPE",
        "rotation": 0,
        "shape": "CIRCLE",
      },
      {
        "kind": "CHAR",
        "value": "W",
      },
      {
        "kind": "SHAPE",
        "rotation": 0,
        "shape": "SQUARE",
      },
    ],
    "identical": false,
    "index": 9,
    "offsetA": {
      "fx": -0.89,
      "fy": 0.71,
    },
    "offsetB": {
      "fx": -0.033,
      "fy": -0.067,
    },
  },
  {
    "a": [
      {
        "kind": "SHAPE",
        "rotation": 180,
        "shape": "TRAPEZOID",
      },
      {
        "kind": "CHAR",
        "value": "C",
      },
      {
        "kind": "SHAPE",
        "rotation": 0,
        "shape": "TRAPEZOID",
      },
      {
        "kind": "SHAPE",
        "rotation": 0,
        "shape": "RECTANGLE",
      },
      {
        "kind": "CHAR",
        "value": "3",
      },
      {
        "kind": "SHAPE",
        "rotation": 0,
        "shape": "TRAPEZOID_LEFT",
      },
    ],
    "b": [
      {
        "kind": "SHAPE",
        "rotation": 180,
        "shape": "TRAPEZOID",
      },
      {
        "kind": "CHAR",
        "value": "C",
      },
      {
        "kind": "SHAPE",
        "rotation": 0,
        "shape": "TRAPEZOID",
      },
      {
        "kind": "SHAPE",
        "rotation": 0,
        "shape": "RECTANGLE",
      },
      {
        "kind": "CHAR",
        "value": "3",
      },
      {
        "kind": "SHAPE",
        "rotation": 0,
        "shape": "TRAPEZOID_LEFT",
      },
    ],
    "identical": true,
    "index": 10,
    "offsetA": {
      "fx": -0.445,
      "fy": -0.168,
    },
    "offsetB": {
      "fx": -0.476,
      "fy": 0.83,
    },
  },
  {
    "a": [
      {
        "kind": "CHAR",
        "value": "9",
      },
      {
        "kind": "CHAR",
        "value": "V",
      },
      {
        "kind": "CHAR",
        "value": "G",
      },
      {
        "kind": "CHAR",
        "value": "4",
      },
      {
        "kind": "CHAR",
        "value": "Z",
      },
      {
        "kind": "CHAR",
        "value": "4",
      },
    ],
    "b": [
      {
        "kind": "CHAR",
        "value": "9",
      },
      {
        "kind": "CHAR",
        "value": "V",
      },
      {
        "kind": "CHAR",
        "value": "C",
      },
      {
        "kind": "CHAR",
        "value": "4",
      },
      {
        "kind": "CHAR",
        "value": "Z",
      },
      {
        "kind": "CHAR",
        "value": "4",
      },
    ],
    "identical": false,
    "index": 11,
    "offsetA": {
      "fx": -0.008,
      "fy": 0.957,
    },
    "offsetB": {
      "fx": -0.931,
      "fy": 0.22,
    },
  },
  {
    "a": [
      {
        "kind": "SHAPE",
        "rotation": 0,
        "shape": "TRAPEZOID",
      },
      {
        "kind": "CHAR",
        "value": "D",
      },
      {
        "kind": "CHAR",
        "value": "E",
      },
      {
        "kind": "SHAPE",
        "rotation": 0,
        "shape": "CIRCLE",
      },
      {
        "kind": "CHAR",
        "value": "0",
      },
      {
        "kind": "CHAR",
        "value": "B",
      },
    ],
    "b": [
      {
        "kind": "SHAPE",
        "rotation": 0,
        "shape": "TRAPEZOID",
      },
      {
        "kind": "CHAR",
        "value": "D",
      },
      {
        "kind": "CHAR",
        "value": "E",
      },
      {
        "kind": "SHAPE",
        "rotation": 0,
        "shape": "CIRCLE",
      },
      {
        "kind": "CHAR",
        "value": "0",
      },
      {
        "kind": "CHAR",
        "value": "8",
      },
    ],
    "identical": false,
    "index": 12,
    "offsetA": {
      "fx": 0.134,
      "fy": -0.462,
    },
    "offsetB": {
      "fx": -0.675,
      "fy": 0.878,
    },
  },
  {
    "a": [
      {
        "kind": "SHAPE",
        "rotation": 0,
        "shape": "TRAPEZOID",
      },
      {
        "kind": "CHAR",
        "value": "N",
      },
      {
        "kind": "SHAPE",
        "rotation": 0,
        "shape": "TRAPEZOID_RIGHT",
      },
      {
        "kind": "SHAPE",
        "rotation": 0,
        "shape": "SQUARE",
      },
      {
        "kind": "CHAR",
        "value": "V",
      },
      {
        "kind": "CHAR",
        "value": "R",
      },
    ],
    "b": [
      {
        "kind": "SHAPE",
        "rotation": 0,
        "shape": "TRAPEZOID",
      },
      {
        "kind": "CHAR",
        "value": "N",
      },
      {
        "kind": "SHAPE",
        "rotation": 0,
        "shape": "TRAPEZOID_RIGHT",
      },
      {
        "kind": "SHAPE",
        "rotation": 0,
        "shape": "SQUARE",
      },
      {
        "kind": "CHAR",
        "value": "V",
      },
      {
        "kind": "CHAR",
        "value": "R",
      },
    ],
    "identical": true,
    "index": 13,
    "offsetA": {
      "fx": -0.12,
      "fy": -0.411,
    },
    "offsetB": {
      "fx": -0.557,
      "fy": -0.825,
    },
  },
  {
    "a": [
      {
        "kind": "CHAR",
        "value": "U",
      },
      {
        "kind": "CHAR",
        "value": "Z",
      },
      {
        "kind": "CHAR",
        "value": "R",
      },
      {
        "kind": "CHAR",
        "value": "4",
      },
      {
        "kind": "CHAR",
        "value": "C",
      },
      {
        "kind": "CHAR",
        "value": "V",
      },
    ],
    "b": [
      {
        "kind": "CHAR",
        "value": "U",
      },
      {
        "kind": "CHAR",
        "value": "Z",
      },
      {
        "kind": "CHAR",
        "value": "R",
      },
      {
        "kind": "CHAR",
        "value": "4",
      },
      {
        "kind": "CHAR",
        "value": "C",
      },
      {
        "kind": "CHAR",
        "value": "U",
      },
    ],
    "identical": false,
    "index": 14,
    "offsetA": {
      "fx": 0.203,
      "fy": 0.336,
    },
    "offsetB": {
      "fx": 0.826,
      "fy": -0.049,
    },
  },
  {
    "a": [
      {
        "kind": "CHAR",
        "value": "F",
      },
      {
        "kind": "SHAPE",
        "rotation": 0,
        "shape": "RECTANGLE",
      },
      {
        "kind": "CHAR",
        "value": "1",
      },
      {
        "kind": "CHAR",
        "value": "2",
      },
      {
        "kind": "CHAR",
        "value": "P",
      },
      {
        "kind": "CHAR",
        "value": "Y",
      },
    ],
    "b": [
      {
        "kind": "CHAR",
        "value": "E",
      },
      {
        "kind": "SHAPE",
        "rotation": 0,
        "shape": "RECTANGLE",
      },
      {
        "kind": "CHAR",
        "value": "1",
      },
      {
        "kind": "CHAR",
        "value": "2",
      },
      {
        "kind": "CHAR",
        "value": "P",
      },
      {
        "kind": "CHAR",
        "value": "Y",
      },
    ],
    "identical": false,
    "index": 15,
    "offsetA": {
      "fx": -0.964,
      "fy": -0.131,
    },
    "offsetB": {
      "fx": 0.583,
      "fy": -0.181,
    },
  },
  {
    "a": [
      {
        "kind": "CHAR",
        "value": "9",
      },
      {
        "kind": "SHAPE",
        "rotation": 0,
        "shape": "CIRCLE",
      },
      {
        "kind": "SHAPE",
        "rotation": 180,
        "shape": "TRAPEZOID",
      },
      {
        "kind": "CHAR",
        "value": "K",
      },
      {
        "kind": "SHAPE",
        "rotation": 0,
        "shape": "RECTANGLE",
      },
      {
        "kind": "CHAR",
        "value": "9",
      },
    ],
    "b": [
      {
        "kind": "CHAR",
        "value": "9",
      },
      {
        "kind": "SHAPE",
        "rotation": 0,
        "shape": "CIRCLE",
      },
      {
        "kind": "SHAPE",
        "rotation": 180,
        "shape": "TRAPEZOID",
      },
      {
        "kind": "CHAR",
        "value": "K",
      },
      {
        "kind": "SHAPE",
        "rotation": 0,
        "shape": "RECTANGLE",
      },
      {
        "kind": "CHAR",
        "value": "9",
      },
    ],
    "identical": true,
    "index": 16,
    "offsetA": {
      "fx": 0.68,
      "fy": -0.773,
    },
    "offsetB": {
      "fx": -0.142,
      "fy": 0.657,
    },
  },
  {
    "a": [
      {
        "kind": "CHAR",
        "value": "5",
      },
      {
        "kind": "CHAR",
        "value": "3",
      },
      {
        "kind": "SHAPE",
        "rotation": 0,
        "shape": "SQUARE",
      },
      {
        "kind": "CHAR",
        "value": "G",
      },
      {
        "kind": "CHAR",
        "value": "7",
      },
      {
        "kind": "CHAR",
        "value": "C",
      },
    ],
    "b": [
      {
        "kind": "CHAR",
        "value": "5",
      },
      {
        "kind": "CHAR",
        "value": "8",
      },
      {
        "kind": "SHAPE",
        "rotation": 0,
        "shape": "SQUARE",
      },
      {
        "kind": "CHAR",
        "value": "G",
      },
      {
        "kind": "CHAR",
        "value": "7",
      },
      {
        "kind": "CHAR",
        "value": "C",
      },
    ],
    "identical": false,
    "index": 17,
    "offsetA": {
      "fx": -0.085,
      "fy": 0.847,
    },
    "offsetB": {
      "fx": -0.01,
      "fy": -0.876,
    },
  },
  {
    "a": [
      {
        "kind": "CHAR",
        "value": "1",
      },
      {
        "kind": "CHAR",
        "value": "7",
      },
      {
        "kind": "CHAR",
        "value": "D",
      },
      {
        "kind": "CHAR",
        "value": "S",
      },
      {
        "kind": "CHAR",
        "value": "T",
      },
      {
        "kind": "CHAR",
        "value": "7",
      },
      {
        "kind": "SHAPE",
        "rotation": 0,
        "shape": "RECTANGLE",
      },
    ],
    "b": [
      {
        "kind": "CHAR",
        "value": "1",
      },
      {
        "kind": "CHAR",
        "value": "7",
      },
      {
        "kind": "CHAR",
        "value": "D",
      },
      {
        "kind": "CHAR",
        "value": "S",
      },
      {
        "kind": "CHAR",
        "value": "T",
      },
      {
        "kind": "CHAR",
        "value": "7",
      },
      {
        "kind": "SHAPE",
        "rotation": 0,
        "shape": "RECTANGLE",
      },
    ],
    "identical": true,
    "index": 18,
    "offsetA": {
      "fx": 0.908,
      "fy": 0.724,
    },
    "offsetB": {
      "fx": 0.316,
      "fy": 0.393,
    },
  },
  {
    "a": [
      {
        "kind": "SHAPE",
        "rotation": 0,
        "shape": "SQUARE",
      },
      {
        "kind": "CHAR",
        "value": "P",
      },
      {
        "kind": "CHAR",
        "value": "4",
      },
      {
        "kind": "CHAR",
        "value": "S",
      },
      {
        "kind": "SHAPE",
        "rotation": 0,
        "shape": "TRAPEZOID_RIGHT",
      },
      {
        "kind": "CHAR",
        "value": "2",
      },
      {
        "kind": "SHAPE",
        "rotation": 0,
        "shape": "RECTANGLE",
      },
    ],
    "b": [
      {
        "kind": "SHAPE",
        "rotation": 0,
        "shape": "SQUARE",
      },
      {
        "kind": "CHAR",
        "value": "P",
      },
      {
        "kind": "CHAR",
        "value": "4",
      },
      {
        "kind": "CHAR",
        "value": "S",
      },
      {
        "kind": "SHAPE",
        "rotation": 0,
        "shape": "TRAPEZOID_RIGHT",
      },
      {
        "kind": "CHAR",
        "value": "2",
      },
      {
        "kind": "SHAPE",
        "rotation": 0,
        "shape": "RECTANGLE",
      },
    ],
    "identical": true,
    "index": 19,
    "offsetA": {
      "fx": -0.134,
      "fy": -0.849,
    },
    "offsetB": {
      "fx": 0.248,
      "fy": 0.33,
    },
  },
  {
    "a": [
      {
        "kind": "SHAPE",
        "rotation": 270,
        "shape": "TRIANGLE",
      },
      {
        "kind": "CHAR",
        "value": "X",
      },
      {
        "kind": "SHAPE",
        "rotation": 180,
        "shape": "TRIANGLE",
      },
      {
        "kind": "SHAPE",
        "rotation": 0,
        "shape": "TRAPEZOID_LEFT",
      },
      {
        "kind": "CHAR",
        "value": "2",
      },
      {
        "kind": "SHAPE",
        "rotation": 180,
        "shape": "TRAPEZOID",
      },
      {
        "kind": "SHAPE",
        "rotation": 0,
        "shape": "RECTANGLE",
      },
    ],
    "b": [
      {
        "kind": "SHAPE",
        "rotation": 270,
        "shape": "TRIANGLE",
      },
      {
        "kind": "CHAR",
        "value": "X",
      },
      {
        "kind": "SHAPE",
        "rotation": 180,
        "shape": "TRIANGLE",
      },
      {
        "kind": "SHAPE",
        "rotation": 0,
        "shape": "RECTANGLE",
      },
      {
        "kind": "CHAR",
        "value": "2",
      },
      {
        "kind": "SHAPE",
        "rotation": 180,
        "shape": "TRAPEZOID",
      },
      {
        "kind": "SHAPE",
        "rotation": 0,
        "shape": "RECTANGLE",
      },
    ],
    "identical": false,
    "index": 20,
    "offsetA": {
      "fx": -0.613,
      "fy": 0.414,
    },
    "offsetB": {
      "fx": -0.796,
      "fy": -0.45,
    },
  },
  {
    "a": [
      {
        "kind": "CHAR",
        "value": "R",
      },
      {
        "kind": "SHAPE",
        "rotation": 0,
        "shape": "RECTANGLE",
      },
      {
        "kind": "CHAR",
        "value": "U",
      },
      {
        "kind": "CHAR",
        "value": "R",
      },
      {
        "kind": "CHAR",
        "value": "8",
      },
      {
        "kind": "CHAR",
        "value": "1",
      },
      {
        "kind": "CHAR",
        "value": "T",
      },
    ],
    "b": [
      {
        "kind": "CHAR",
        "value": "R",
      },
      {
        "kind": "SHAPE",
        "rotation": 0,
        "shape": "RECTANGLE",
      },
      {
        "kind": "CHAR",
        "value": "U",
      },
      {
        "kind": "CHAR",
        "value": "R",
      },
      {
        "kind": "CHAR",
        "value": "B",
      },
      {
        "kind": "CHAR",
        "value": "1",
      },
      {
        "kind": "CHAR",
        "value": "T",
      },
    ],
    "identical": false,
    "index": 21,
    "offsetA": {
      "fx": -0.91,
      "fy": -0.174,
    },
    "offsetB": {
      "fx": -0.066,
      "fy": 0.42,
    },
  },
  {
    "a": [
      {
        "kind": "CHAR",
        "value": "F",
      },
      {
        "kind": "SHAPE",
        "rotation": 0,
        "shape": "TRAPEZOID_LEFT",
      },
      {
        "kind": "SHAPE",
        "rotation": 0,
        "shape": "SQUARE",
      },
      {
        "kind": "CHAR",
        "value": "U",
      },
      {
        "kind": "CHAR",
        "value": "G",
      },
      {
        "kind": "CHAR",
        "value": "5",
      },
      {
        "kind": "CHAR",
        "value": "P",
      },
    ],
    "b": [
      {
        "kind": "CHAR",
        "value": "F",
      },
      {
        "kind": "SHAPE",
        "rotation": 0,
        "shape": "TRAPEZOID_LEFT",
      },
      {
        "kind": "SHAPE",
        "rotation": 0,
        "shape": "SQUARE",
      },
      {
        "kind": "CHAR",
        "value": "U",
      },
      {
        "kind": "CHAR",
        "value": "G",
      },
      {
        "kind": "CHAR",
        "value": "5",
      },
      {
        "kind": "CHAR",
        "value": "P",
      },
    ],
    "identical": true,
    "index": 22,
    "offsetA": {
      "fx": 0.12,
      "fy": 0.445,
    },
    "offsetB": {
      "fx": 0.367,
      "fy": 0.112,
    },
  },
  {
    "a": [
      {
        "kind": "SHAPE",
        "rotation": 0,
        "shape": "TRAPEZOID_RIGHT",
      },
      {
        "kind": "SHAPE",
        "rotation": 0,
        "shape": "CIRCLE",
      },
      {
        "kind": "CHAR",
        "value": "T",
      },
      {
        "kind": "SHAPE",
        "rotation": 0,
        "shape": "TRAPEZOID_RIGHT",
      },
      {
        "kind": "SHAPE",
        "rotation": 270,
        "shape": "TRIANGLE",
      },
      {
        "kind": "CHAR",
        "value": "L",
      },
      {
        "kind": "SHAPE",
        "rotation": 0,
        "shape": "TRAPEZOID_LEFT",
      },
    ],
    "b": [
      {
        "kind": "SHAPE",
        "rotation": 0,
        "shape": "RECTANGLE",
      },
      {
        "kind": "SHAPE",
        "rotation": 0,
        "shape": "CIRCLE",
      },
      {
        "kind": "CHAR",
        "value": "T",
      },
      {
        "kind": "SHAPE",
        "rotation": 0,
        "shape": "TRAPEZOID_RIGHT",
      },
      {
        "kind": "SHAPE",
        "rotation": 270,
        "shape": "TRIANGLE",
      },
      {
        "kind": "CHAR",
        "value": "L",
      },
      {
        "kind": "SHAPE",
        "rotation": 0,
        "shape": "TRAPEZOID_LEFT",
      },
    ],
    "identical": false,
    "index": 23,
    "offsetA": {
      "fx": -0.921,
      "fy": -0.682,
    },
    "offsetB": {
      "fx": 0.55,
      "fy": -0.023,
    },
  },
  {
    "a": [
      {
        "kind": "CHAR",
        "value": "K",
      },
      {
        "kind": "CHAR",
        "value": "Q",
      },
      {
        "kind": "CHAR",
        "value": "U",
      },
      {
        "kind": "CHAR",
        "value": "4",
      },
      {
        "kind": "CHAR",
        "value": "2",
      },
      {
        "kind": "SHAPE",
        "rotation": 0,
        "shape": "SQUARE",
      },
      {
        "kind": "SHAPE",
        "rotation": 0,
        "shape": "TRAPEZOID_RIGHT",
      },
    ],
    "b": [
      {
        "kind": "CHAR",
        "value": "K",
      },
      {
        "kind": "CHAR",
        "value": "Q",
      },
      {
        "kind": "CHAR",
        "value": "U",
      },
      {
        "kind": "CHAR",
        "value": "4",
      },
      {
        "kind": "CHAR",
        "value": "Z",
      },
      {
        "kind": "SHAPE",
        "rotation": 0,
        "shape": "SQUARE",
      },
      {
        "kind": "SHAPE",
        "rotation": 0,
        "shape": "TRAPEZOID_RIGHT",
      },
    ],
    "identical": false,
    "index": 24,
    "offsetA": {
      "fx": 0.576,
      "fy": 0.767,
    },
    "offsetB": {
      "fx": -0.837,
      "fy": 0.136,
    },
  },
  {
    "a": [
      {
        "kind": "CHAR",
        "value": "M",
      },
      {
        "kind": "CHAR",
        "value": "J",
      },
      {
        "kind": "CHAR",
        "value": "4",
      },
      {
        "kind": "CHAR",
        "value": "8",
      },
      {
        "kind": "SHAPE",
        "rotation": 0,
        "shape": "SQUARE",
      },
      {
        "kind": "SHAPE",
        "rotation": 0,
        "shape": "TRAPEZOID_LEFT",
      },
      {
        "kind": "CHAR",
        "value": "W",
      },
    ],
    "b": [
      {
        "kind": "CHAR",
        "value": "M",
      },
      {
        "kind": "CHAR",
        "value": "J",
      },
      {
        "kind": "CHAR",
        "value": "4",
      },
      {
        "kind": "CHAR",
        "value": "8",
      },
      {
        "kind": "SHAPE",
        "rotation": 0,
        "shape": "SQUARE",
      },
      {
        "kind": "SHAPE",
        "rotation": 0,
        "shape": "TRAPEZOID_LEFT",
      },
      {
        "kind": "CHAR",
        "value": "W",
      },
    ],
    "identical": true,
    "index": 25,
    "offsetA": {
      "fx": 0.107,
      "fy": -0.061,
    },
    "offsetB": {
      "fx": -0.089,
      "fy": -0.771,
    },
  },
  {
    "a": [
      {
        "kind": "SHAPE",
        "rotation": 0,
        "shape": "SQUARE",
      },
      {
        "kind": "CHAR",
        "value": "V",
      },
      {
        "kind": "SHAPE",
        "rotation": 0,
        "shape": "TRAPEZOID_RIGHT",
      },
      {
        "kind": "CHAR",
        "value": "4",
      },
      {
        "kind": "CHAR",
        "value": "E",
      },
      {
        "kind": "CHAR",
        "value": "3",
      },
      {
        "kind": "CHAR",
        "value": "V",
      },
    ],
    "b": [
      {
        "kind": "SHAPE",
        "rotation": 0,
        "shape": "SQUARE",
      },
      {
        "kind": "CHAR",
        "value": "V",
      },
      {
        "kind": "SHAPE",
        "rotation": 0,
        "shape": "TRAPEZOID_RIGHT",
      },
      {
        "kind": "CHAR",
        "value": "4",
      },
      {
        "kind": "CHAR",
        "value": "E",
      },
      {
        "kind": "CHAR",
        "value": "8",
      },
      {
        "kind": "CHAR",
        "value": "V",
      },
    ],
    "identical": false,
    "index": 26,
    "offsetA": {
      "fx": -0.578,
      "fy": 0.49,
    },
    "offsetB": {
      "fx": 0.369,
      "fy": -0.142,
    },
  },
  {
    "a": [
      {
        "kind": "CHAR",
        "value": "9",
      },
      {
        "kind": "SHAPE",
        "rotation": 0,
        "shape": "TRAPEZOID_LEFT",
      },
      {
        "kind": "CHAR",
        "value": "B",
      },
      {
        "kind": "CHAR",
        "value": "R",
      },
      {
        "kind": "SHAPE",
        "rotation": 0,
        "shape": "TRIANGLE",
      },
      {
        "kind": "SHAPE",
        "rotation": 0,
        "shape": "SQUARE",
      },
      {
        "kind": "CHAR",
        "value": "T",
      },
    ],
    "b": [
      {
        "kind": "CHAR",
        "value": "9",
      },
      {
        "kind": "SHAPE",
        "rotation": 0,
        "shape": "TRAPEZOID_LEFT",
      },
      {
        "kind": "CHAR",
        "value": "B",
      },
      {
        "kind": "CHAR",
        "value": "R",
      },
      {
        "kind": "SHAPE",
        "rotation": 0,
        "shape": "TRIANGLE",
      },
      {
        "kind": "SHAPE",
        "rotation": 0,
        "shape": "SQUARE",
      },
      {
        "kind": "CHAR",
        "value": "T",
      },
    ],
    "identical": true,
    "index": 27,
    "offsetA": {
      "fx": 0.156,
      "fy": -0.393,
    },
    "offsetB": {
      "fx": 0.355,
      "fy": 0.079,
    },
  },
  {
    "a": [
      {
        "kind": "CHAR",
        "value": "B",
      },
      {
        "kind": "CHAR",
        "value": "Q",
      },
      {
        "kind": "CHAR",
        "value": "9",
      },
      {
        "kind": "CHAR",
        "value": "D",
      },
      {
        "kind": "CHAR",
        "value": "6",
      },
      {
        "kind": "CHAR",
        "value": "U",
      },
      {
        "kind": "SHAPE",
        "rotation": 0,
        "shape": "SQUARE",
      },
    ],
    "b": [
      {
        "kind": "CHAR",
        "value": "B",
      },
      {
        "kind": "CHAR",
        "value": "Q",
      },
      {
        "kind": "CHAR",
        "value": "9",
      },
      {
        "kind": "CHAR",
        "value": "D",
      },
      {
        "kind": "CHAR",
        "value": "6",
      },
      {
        "kind": "CHAR",
        "value": "U",
      },
      {
        "kind": "SHAPE",
        "rotation": 0,
        "shape": "CIRCLE",
      },
    ],
    "identical": false,
    "index": 28,
    "offsetA": {
      "fx": 0.937,
      "fy": 0.343,
    },
    "offsetB": {
      "fx": 0.126,
      "fy": 0.599,
    },
  },
  {
    "a": [
      {
        "kind": "SHAPE",
        "rotation": 90,
        "shape": "TRIANGLE",
      },
      {
        "kind": "SHAPE",
        "rotation": 0,
        "shape": "CIRCLE",
      },
      {
        "kind": "CHAR",
        "value": "R",
      },
      {
        "kind": "CHAR",
        "value": "N",
      },
      {
        "kind": "SHAPE",
        "rotation": 0,
        "shape": "CIRCLE",
      },
      {
        "kind": "CHAR",
        "value": "C",
      },
      {
        "kind": "SHAPE",
        "rotation": 180,
        "shape": "TRAPEZOID",
      },
    ],
    "b": [
      {
        "kind": "SHAPE",
        "rotation": 270,
        "shape": "TRIANGLE",
      },
      {
        "kind": "SHAPE",
        "rotation": 0,
        "shape": "CIRCLE",
      },
      {
        "kind": "CHAR",
        "value": "R",
      },
      {
        "kind": "CHAR",
        "value": "N",
      },
      {
        "kind": "SHAPE",
        "rotation": 0,
        "shape": "CIRCLE",
      },
      {
        "kind": "CHAR",
        "value": "C",
      },
      {
        "kind": "SHAPE",
        "rotation": 180,
        "shape": "TRAPEZOID",
      },
    ],
    "identical": false,
    "index": 29,
    "offsetA": {
      "fx": 0.882,
      "fy": 0.992,
    },
    "offsetB": {
      "fx": -0.468,
      "fy": 0.814,
    },
  },
  {
    "a": [
      {
        "kind": "SHAPE",
        "rotation": 0,
        "shape": "SQUARE",
      },
      {
        "kind": "CHAR",
        "value": "6",
      },
      {
        "kind": "SHAPE",
        "rotation": 0,
        "shape": "TRAPEZOID_LEFT",
      },
      {
        "kind": "SHAPE",
        "rotation": 0,
        "shape": "CIRCLE",
      },
      {
        "kind": "CHAR",
        "value": "N",
      },
      {
        "kind": "CHAR",
        "value": "S",
      },
      {
        "kind": "CHAR",
        "value": "9",
      },
      {
        "kind": "CHAR",
        "value": "B",
      },
    ],
    "b": [
      {
        "kind": "SHAPE",
        "rotation": 0,
        "shape": "SQUARE",
      },
      {
        "kind": "CHAR",
        "value": "6",
      },
      {
        "kind": "SHAPE",
        "rotation": 0,
        "shape": "TRAPEZOID_LEFT",
      },
      {
        "kind": "SHAPE",
        "rotation": 0,
        "shape": "CIRCLE",
      },
      {
        "kind": "CHAR",
        "value": "N",
      },
      {
        "kind": "CHAR",
        "value": "S",
      },
      {
        "kind": "CHAR",
        "value": "9",
      },
      {
        "kind": "CHAR",
        "value": "B",
      },
    ],
    "identical": true,
    "index": 30,
    "offsetA": {
      "fx": 0.373,
      "fy": -0.117,
    },
    "offsetB": {
      "fx": 0.552,
      "fy": 0.745,
    },
  },
  {
    "a": [
      {
        "kind": "SHAPE",
        "rotation": 0,
        "shape": "TRAPEZOID_LEFT",
      },
      {
        "kind": "CHAR",
        "value": "1",
      },
      {
        "kind": "CHAR",
        "value": "2",
      },
      {
        "kind": "CHAR",
        "value": "6",
      },
      {
        "kind": "CHAR",
        "value": "1",
      },
      {
        "kind": "SHAPE",
        "rotation": 180,
        "shape": "TRIANGLE",
      },
      {
        "kind": "CHAR",
        "value": "6",
      },
      {
        "kind": "CHAR",
        "value": "U",
      },
    ],
    "b": [
      {
        "kind": "SHAPE",
        "rotation": 0,
        "shape": "TRAPEZOID_LEFT",
      },
      {
        "kind": "CHAR",
        "value": "1",
      },
      {
        "kind": "CHAR",
        "value": "2",
      },
      {
        "kind": "CHAR",
        "value": "6",
      },
      {
        "kind": "CHAR",
        "value": "1",
      },
      {
        "kind": "SHAPE",
        "rotation": 180,
        "shape": "TRIANGLE",
      },
      {
        "kind": "CHAR",
        "value": "6",
      },
      {
        "kind": "CHAR",
        "value": "U",
      },
    ],
    "identical": true,
    "index": 31,
    "offsetA": {
      "fx": 0.06,
      "fy": -0.358,
    },
    "offsetB": {
      "fx": 0.525,
      "fy": -0.453,
    },
  },
  {
    "a": [
      {
        "kind": "CHAR",
        "value": "Y",
      },
      {
        "kind": "SHAPE",
        "rotation": 0,
        "shape": "TRAPEZOID_LEFT",
      },
      {
        "kind": "CHAR",
        "value": "F",
      },
      {
        "kind": "SHAPE",
        "rotation": 0,
        "shape": "RECTANGLE",
      },
      {
        "kind": "CHAR",
        "value": "7",
      },
      {
        "kind": "SHAPE",
        "rotation": 0,
        "shape": "TRAPEZOID",
      },
      {
        "kind": "SHAPE",
        "rotation": 0,
        "shape": "CIRCLE",
      },
      {
        "kind": "CHAR",
        "value": "Q",
      },
    ],
    "b": [
      {
        "kind": "CHAR",
        "value": "Y",
      },
      {
        "kind": "SHAPE",
        "rotation": 0,
        "shape": "TRAPEZOID_LEFT",
      },
      {
        "kind": "CHAR",
        "value": "F",
      },
      {
        "kind": "SHAPE",
        "rotation": 0,
        "shape": "RECTANGLE",
      },
      {
        "kind": "CHAR",
        "value": "7",
      },
      {
        "kind": "SHAPE",
        "rotation": 0,
        "shape": "TRAPEZOID",
      },
      {
        "kind": "SHAPE",
        "rotation": 0,
        "shape": "CIRCLE",
      },
      {
        "kind": "CHAR",
        "value": "Q",
      },
    ],
    "identical": true,
    "index": 32,
    "offsetA": {
      "fx": -0.422,
      "fy": -0.615,
    },
    "offsetB": {
      "fx": 0.487,
      "fy": -0.703,
    },
  },
  {
    "a": [
      {
        "kind": "CHAR",
        "value": "Z",
      },
      {
        "kind": "SHAPE",
        "rotation": 0,
        "shape": "RECTANGLE",
      },
      {
        "kind": "SHAPE",
        "rotation": 90,
        "shape": "TRIANGLE",
      },
      {
        "kind": "CHAR",
        "value": "Y",
      },
      {
        "kind": "SHAPE",
        "rotation": 0,
        "shape": "TRAPEZOID_RIGHT",
      },
      {
        "kind": "CHAR",
        "value": "L",
      },
      {
        "kind": "SHAPE",
        "rotation": 0,
        "shape": "CIRCLE",
      },
      {
        "kind": "CHAR",
        "value": "2",
      },
    ],
    "b": [
      {
        "kind": "CHAR",
        "value": "Z",
      },
      {
        "kind": "SHAPE",
        "rotation": 0,
        "shape": "RECTANGLE",
      },
      {
        "kind": "SHAPE",
        "rotation": 0,
        "shape": "TRIANGLE",
      },
      {
        "kind": "CHAR",
        "value": "Y",
      },
      {
        "kind": "SHAPE",
        "rotation": 0,
        "shape": "TRAPEZOID_RIGHT",
      },
      {
        "kind": "CHAR",
        "value": "L",
      },
      {
        "kind": "SHAPE",
        "rotation": 0,
        "shape": "CIRCLE",
      },
      {
        "kind": "CHAR",
        "value": "2",
      },
    ],
    "identical": false,
    "index": 33,
    "offsetA": {
      "fx": -0.007,
      "fy": -0.888,
    },
    "offsetB": {
      "fx": 0.458,
      "fy": 0.044,
    },
  },
  {
    "a": [
      {
        "kind": "CHAR",
        "value": "H",
      },
      {
        "kind": "CHAR",
        "value": "F",
      },
      {
        "kind": "SHAPE",
        "rotation": 0,
        "shape": "CIRCLE",
      },
      {
        "kind": "SHAPE",
        "rotation": 0,
        "shape": "TRIANGLE",
      },
      {
        "kind": "CHAR",
        "value": "M",
      },
      {
        "kind": "SHAPE",
        "rotation": 0,
        "shape": "TRAPEZOID_LEFT",
      },
      {
        "kind": "CHAR",
        "value": "S",
      },
      {
        "kind": "CHAR",
        "value": "U",
      },
    ],
    "b": [
      {
        "kind": "CHAR",
        "value": "H",
      },
      {
        "kind": "CHAR",
        "value": "F",
      },
      {
        "kind": "SHAPE",
        "rotation": 0,
        "shape": "CIRCLE",
      },
      {
        "kind": "SHAPE",
        "rotation": 0,
        "shape": "TRIANGLE",
      },
      {
        "kind": "CHAR",
        "value": "W",
      },
      {
        "kind": "SHAPE",
        "rotation": 0,
        "shape": "TRAPEZOID_LEFT",
      },
      {
        "kind": "CHAR",
        "value": "S",
      },
      {
        "kind": "CHAR",
        "value": "U",
      },
    ],
    "identical": false,
    "index": 34,
    "offsetA": {
      "fx": 0.159,
      "fy": 0.552,
    },
    "offsetB": {
      "fx": 0.299,
      "fy": 0.627,
    },
  },
  {
    "a": [
      {
        "kind": "CHAR",
        "value": "Y",
      },
      {
        "kind": "CHAR",
        "value": "F",
      },
      {
        "kind": "SHAPE",
        "rotation": 0,
        "shape": "RECTANGLE",
      },
      {
        "kind": "CHAR",
        "value": "E",
      },
      {
        "kind": "CHAR",
        "value": "M",
      },
      {
        "kind": "CHAR",
        "value": "J",
      },
      {
        "kind": "CHAR",
        "value": "D",
      },
      {
        "kind": "SHAPE",
        "rotation": 0,
        "shape": "CIRCLE",
      },
    ],
    "b": [
      {
        "kind": "CHAR",
        "value": "Y",
      },
      {
        "kind": "CHAR",
        "value": "F",
      },
      {
        "kind": "SHAPE",
        "rotation": 0,
        "shape": "RECTANGLE",
      },
      {
        "kind": "CHAR",
        "value": "E",
      },
      {
        "kind": "CHAR",
        "value": "M",
      },
      {
        "kind": "CHAR",
        "value": "J",
      },
      {
        "kind": "CHAR",
        "value": "D",
      },
      {
        "kind": "SHAPE",
        "rotation": 0,
        "shape": "CIRCLE",
      },
    ],
    "identical": true,
    "index": 35,
    "offsetA": {
      "fx": -0.027,
      "fy": 0.47,
    },
    "offsetB": {
      "fx": 0.396,
      "fy": -0.762,
    },
  },
]
`;
