// Vitest Snapshot v1, https://vitest.dev/guide/snapshot.html

exports[`generateReactivitySession > matches the reference snapshot for a fixed seed 1`] = `
[
  {
    "appearAtMs": 1885,
    "index": 0,
    "position": {
      "fx": -0.368,
      "fy": -0.086,
    },
    "type": "YELLOW",
  },
  {
    "appearAtMs": 3546,
    "index": 1,
    "position": {
      "fx": 0.141,
      "fy": 0.942,
    },
    "type": "YELLOW",
  },
  {
    "appearAtMs": 5279,
    "index": 2,
    "position": {
      "fx": -0.523,
      "fy": -0.096,
    },
    "type": "YELLOW",
  },
  {
    "appearAtMs": 7734,
    "index": 3,
    "position": {
      "fx": 0.088,
      "fy": 0.383,
    },
    "type": "YELLOW",
  },
  {
    "appearAtMs": 9673,
    "index": 4,
    "position": {
      "fx": 0.001,
      "fy": -0.33,
    },
    "type": "YELLOW",
  },
  {
    "appearAtMs": 11449,
    "index": 5,
    "position": {
      "fx": -0.69,
      "fy": 0.52,
    },
    "type": "YELLOW",
  },
  {
    "appearAtMs": 13860,
    "index": 6,
    "position": {
      "fx": -0.866,
      "fy": -0.432,
    },
    "type": "YELLOW",
  },
  {
    "appearAtMs": 15671,
    "index": 7,
    "position": {
      "fx": 0.593,
      "fy": -0.419,
    },
    "type": "YELLOW",
  },
  {
    "appearAtMs": 17327,
    "index": 8,
    "position": {
      "fx": -0.047,
      "fy": 0.178,
    },
    "type": "YELLOW",
  },
  {
    "appearAtMs": 19658,
    "index": 9,
    "position": {
      "fx": -0.679,
      "fy": 0.293,
    },
    "type": "YELLOW",
  },
  {
    "appearAtMs": 21755,
    "index": 10,
    "position": {
      "fx": 0.647,
      "fy": -0.128,
    },
    "type": "YELLOW",
  },
  {
    "appearAtMs": 23815,
    "index": 11,
    "position": {
      "fx": -0.348,
      "fy": -0.961,
    },
    "type": "YELLOW",
  },
  {
    "appearAtMs": 25733,
    "index": 12,
    "position": {
      "fx": 0.069,
      "fy": 0.406,
    },
    "type": "YELLOW",
  },
  {
    "appearAtMs": 27992,
    "index": 13,
    "position": {
      "fx": -0.985,
      "fy": 0.128,
    },
    "type": "YELLOW",
  },
  {
    "appearAtMs": 30363,
    "index": 14,
    "position": {
      "fx": 0.803,
      "fy": 0.194,
    },
    "type": "YELLOW",
  },
  {
    "appearAtMs": 32265,
    "index": 15,
    "position": {
      "fx": 0.111,
      "fy": 0.523,
    },
    "type": "YELLOW",
  },
  {
    "appearAtMs": 34717,
    "index": 16,
    "position": {
      "fx": 0.943,
      "fy": -0.224,
    },
    "type": "YELLOW",
  },
  {
    "appearAtMs": 36297,
    "index": 17,
    "position": {
      "fx": 0.214,
      "fy": 0.779,
    },
    "type": "YELLOW",
  },
  {
    "appearAtMs": 38005,
    "index": 18,
    "position": {
      "fx": 0.233,
      "fy": -0.05,
    },
    "type": "YELLOW",
  },
  {
    "appearAtMs": 40469,
    "index": 19,
    "position": {
      "fx": -0.26,
      "fy": 0.91,
    },
    "type": "YELLOW",
  },
  {
    "appearAtMs": 42055,
    "index": 20,
    "position": {
      "fx": 0.882,
      "fy": -0.069,
    },
    "type": "YELLOW",
  },
  {
    "appearAtMs": 44362,
    "index": 21,
    "position": {
      "fx": -0.09,
      "fy": 0.857,
    },
    "type": "YELLOW",
  },
  {
    "appearAtMs": 46474,
    "index": 22,
    "position": {
      "fx": 0.422,
      "fy": -0.044,
    },
    "type": "YELLOW",
  },
  {
    "appearAtMs": 48830,
    "index": 23,
    "position": {
      "fx": -0.275,
      "fy": -0.872,
    },
    "type": "YELLOW",
  },
  {
    "appearAtMs": 50733,
    "index": 24,
    "position": {
      "fx": -0.79,
      "fy": -0.422,
    },
    "type": "YELLOW",
  },
  {
    "appearAtMs": 52272,
    "index": 25,
    "position": {
      "fx": -0.954,
      "fy": 0.716,
    },
    "type": "YELLOW",
  },
  {
    "appearAtMs": 54301,
    "index": 26,
    "position": {
      "fx": -0.326,
      "fy": 0.223,
    },
    "type": "YELLOW",
  },
  {
    "appearAtMs": 56450,
    "index": 27,
    "position": {
      "fx": 0.273,
      "fy": -0.222,
    },
    "type": "YELLOW",
  },
  {
    "appearAtMs": 57972,
    "index": 28,
    "position": {
      "fx": -0.695,
      "fy": 0.557,
    },
    "type": "YELLOW",
  },
  {
    "appearAtMs": 59489,
    "index": 29,
    "position": {
      "fx": 0.088,
      "fy": -0.064,
    },
    "type": "YELLOW",
  },
  {
    "appearAtMs": 61908,
    "index": 30,
    "position": {
      "fx": -0.838,
      "fy": -0.47,
    },
    "type": "BLUE",
  },
  {
    "appearAtMs": 63772,
    "index": 31,
    "position": {
      "fx": 0.033,
      "fy": -0.705,
    },
    "type": "YELLOW",
  },
  {
    "appearAtMs": 65334,
    "index": 32,
    "position": {
      "fx": -0.656,
      "fy": 0.513,
    },
    "type": "YELLOW",
  },
  {
    "appearAtMs": 67315,
    "index": 33,
    "position": {
      "fx": 0.151,
      "fy": 0.071,
    },
    "type": "BLUE",
  },
  {
    "appearAtMs": 69795,
    "index": 34,
    "position": {
      "fx": 0.978,
      "fy": -0.212,
    },
    "type": "BLUE",
  },
  {
    "appearAtMs": 72125,
    "index": 35,
    "position": {
      "fx": -0.446,
      "fy": 0.618,
    },
    "type": "BLUE",
  },
  {
    "appearAtMs": 74376,
    "index": 36,
    "position": {
      "fx": 0.852,
      "fy": 0.375,
    },
    "type": "YELLOW",
  },
  {
    "appearAtMs": 75914,
    "index": 37,
    "position": {
      "fx": 0.866,
      "fy": -0.319,
    },
    "type": "YELLOW",
  },
  {
    "appearAtMs": 77589,
    "index": 38,
    "position": {
      "fx": -0.883,
      "fy": -0.196,
    },
    "type": "YELLOW",
  },
  {
    "appearAtMs": 79376,
    "index": 39,
    "position": {
      "fx": 0.373,
      "fy": -0.437,
    },
    "type": "BLUE",
  },
  {
    "appearAtMs": 81799,
    "index": 40,
    "position": {
      "fx": 0.974,
      "fy": -0.228,
    },
    "type": "BLUE",
  },
  {
    "appearAtMs": 83983,
    "index": 41,
    "position": {
      "fx": -0.731,
      "fy": -0.251,
    },
    "type": "YELLOW",
  },
  {
    "appearAtMs": 85899,
    "index": 42,
    "position": {
      "fx": 0.472,
      "fy": -0.468,
    },
    "type": "BLUE",
  },
  {
    "appearAtMs": 88006,
    "index": 43,
    "position": {
      "fx": -0.226,
      "fy": 0.796,
    },
    "type": "BLUE",
  },
  {
    "appearAtMs": 90425,
    "index": 44,
    "position": {
      "fx": 0.632,
      "fy": 0.907,
    },
    "type": "YELLOW",
  },
  {
    "appearAtMs": 92056,
    "index": 45,
    "position": {
      "fx": 0.71,
      "fy": -0.033,
    },
    "type": "YELLOW",
  },
  {
    "appearAtMs": 94023,
    "index": 46,
    "position": {
      "fx": 0.176,
      "fy": 0.889,
    },
    "type": "BLUE",
  },
  {
    "appearAtMs": 95932,
    "index": 47,
    "position": {
      "fx": 0.656,
      "fy": 0.28,
    },
    "type": "YELLOW",
  },
  {
    "appearAtMs": 97923,
    "index": 48,
    "position": {
      "fx": 0.433,
      "fy": -0.949,
    },
    "type": "BLUE",
  },
  {
    "appearAtMs": 99516,
    "index": 49,
    "position": {
      "fx": 0.882,
      "fy": 0.279,
    },
    "type": "BLUE",
  },
  {
    "appearAtMs": 101293,
    "index": 50,
    "position": {
      "fx": -0.476,
      "fy": 0.83,
    },
    "type": "YELLOW",
  },
  {
    "appearAtMs": 103368,
    "index": 51,
    "position": {
      "fx": -0.206,
      "fy": -0.026,
    },
    "type": "YELLOW",
  },
  {
    "appearAtMs": 105394,
    "index": 52,
    "position": {
      "fx": 0.058,
      "fy": 0.998,
    },
    "type": "YELLOW",
  },
  {
    "appearAtMs": 106971,
    "index": 53,
    "position": {
      "fx": 0.351,
      "fy": 0.386,
    },
    "type": "BLUE",
  },
  {
    "appearAtMs": 108967,
    "index": 54,
    "position": {
      "fx": -0.931,
      "fy": 0.22,
    },
    "type": "BLUE",
  },
  {
    "appearAtMs": 111163,
    "index": 55,
    "position": {
      "fx": -0.248,
      "fy": 0.021,
    },
    "type": "BLUE",
  },
  {
    "appearAtMs": 113064,
    "index": 56,
    "position": {
      "fx": -0.304,
      "fy": 0.946,
    },
    "type": "YELLOW",
  },
  {
    "appearAtMs": 115095,
    "index": 57,
    "position": {
      "fx": -0.591,
      "fy": -0.35,
    },
    "type": "YELLOW",
  },
  {
    "appearAtMs": 117349,
    "index": 58,
    "position": {
      "fx": 0.134,
      "fy": -0.462,
    },
    "type": "YELLOW",
  },
  {
    "appearAtMs": 119011,
    "index": 59,
    "position": {
      "fx": 1,
      "fy": 0.256,
    },
    "type": "BLUE",
  },
  {
    "appearAtMs": 120826,
    "index": 60,
    "position": {
      "fx": 0.318,
      "fy": 0.727,
    },
    "type": "YELLOW",
  },
  {
    "appearAtMs": 123151,
    "index": 61,
    "position": {
      "fx": 0.378,
      "fy": -0.307,
    },
    "type": "YELLOW",
  },
  {
    "appearAtMs": 125606,
    "index": 62,
    "position": {
      "fx": 0.006,
      "fy": 0.554,
    },
    "type": "RED",
  },
  {
    "appearAtMs": 127546,
    "index": 63,
    "position": {
      "fx": -0.557,
      "fy": -0.825,
    },
    "type": "YELLOW",
  },
  {
    "appearAtMs": 129527,
    "index": 64,
    "position": {
      "fx": 0.022,
      "fy": 0.996,
    },
    "type": "RED",
  },
  {
    "appearAtMs": 131343,
    "index": 65,
    "position": {
      "fx": -0.934,
      "fy": -0.72,
    },
    "type": "RED",
  },
  {
    "appearAtMs": 133294,
    "index": 66,
    "position": {
      "fx": -0.595,
      "fy": 0.754,
    },
    "type": "BLUE",
  },
  {
    "appearAtMs": 135783,
    "index": 67,
    "position": {
      "fx": 0.203,
      "fy": 0.336,
    },
    "type": "YELLOW",
  },
  {
    "appearAtMs": 138197,
    "index": 68,
    "position": {
      "fx": 0.011,
      "fy": -0.698,
    },
    "type": "BLUE",
  },
  {
    "appearAtMs": 139754,
    "index": 69,
    "position": {
      "fx": -0.901,
      "fy": -0.66,
    },
    "type": "YELLOW",
  },
  {
    "appearAtMs": 141927,
    "index": 70,
    "position": {
      "fx": 0.927,
      "fy": -0.891,
    },
    "type": "YELLOW",
  },
  {
    "appearAtMs": 144021,
    "index": 71,
    "position": {
      "fx": -0.131,
      "fy": 0.583,
    },
    "type": "YELLOW",
  },
  {
    "appearAtMs": 145930,
    "index": 72,
    "position": {
      "fx": -0.362,
      "fy": -0.647,
    },
    "type": "RED",
  },
  {
    "appearAtMs": 148233,
    "index": 73,
    "position": {
      "fx": 0.898,
      "fy": 0.154,
    },
    "type": "BLUE",
  },
  {
    "appearAtMs": 150605,
    "index": 74,
    "position": {
      "fx": 0.333,
      "fy": -0.591,
    },
    "type": "BLUE",
  },
  {
    "appearAtMs": 152399,
    "index": 75,
    "position": {
      "fx": -0.773,
      "fy": -0.142,
    },
    "type": "RED",
  },
  {
    "appearAtMs": 154728,
    "index": 76,
    "position": {
      "fx": -0.673,
      "fy": -0.757,
    },
    "type": "YELLOW",
  },
  {
    "appearAtMs": 156325,
    "index": 77,
    "position": {
      "fx": -0.837,
      "fy": -0.043,
    },
    "type": "BLUE",
  },
  {
    "appearAtMs": 158218,
    "index": 78,
    "position": {
      "fx": -0.149,
      "fy": -0.309,
    },
    "type": "YELLOW",
  },
  {
    "appearAtMs": 159911,
    "index": 79,
    "position": {
      "fx": -0.085,
      "fy": 0.847,
    },
    "type": "RED",
  },
  {
    "appearAtMs": 161906,
    "index": 80,
    "position": {
      "fx": 0.022,
      "fy": -0.887,
    },
    "type": "YELLOW",
  },
  {
    "appearAtMs": 163509,
    "index": 81,
    "position": {
      "fx": -0.978,
      "fy": -0.257,
    },
    "type": "YELLOW",
  },
  {
    "appearAtMs": 165051,
    "index": 82,
    "position": {
      "fx": -0.825,
      "fy": 0.577,
    },
    "type": "RED",
  },
  {
    "appearAtMs": 166877,
    "index": 83,
    "position": {
      "fx": 0.836,
      "fy": 0.016,
    },
    "type": "YELLOW",
  },
  {
    "appearAtMs": 168938,
    "index": 84,
    "position": {
      "fx": -0.586,
      "fy": 0.167,
    },
    "type": "RED",
  },
  {
    "appearAtMs": 170773,
    "index": 85,
    "position": {
      "fx": -0.758,
      "fy": -0.716,
    },
    "type": "RED",
  },
  {
    "appearAtMs": 172370,
    "index": 86,
    "position": {
      "fx": 0.301,
      "fy": 0.651,
    },
    "type": "RED",
  },
  {
    "appearAtMs": 174459,
    "index": 87,
    "position": {
      "fx": -0.844,
      "fy": 0.416,
    },
    "type": "BLUE",
  },
  {
    "appearAtMs": 176510,
    "index": 88,
    "position": {
      "fx": -0.134,
      "fy": -0.849,
    },
    "type": "RED",
  },
]
`;
