// Vitest Snapshot v1, https://vitest.dev/guide/snapshot.html

exports[`generateLogicSession > matches the reference snapshot for a fixed seed 1`] = `
[
  {
    "answerIndex": 2,
    "choices": [
      "130",
      "160",
      "128",
      "96",
    ],
    "difficulty": 1,
    "index": 0,
    "points": 1,
    "sequence": [
      "4",
      "8",
      "16",
      "32",
      "64",
    ],
    "type": "NUMBER",
  },
  {
    "answerIndex": 1,
    "choices": [
      "48",
      "64",
      "96",
      "80",
      "66",
    ],
    "difficulty": 1,
    "index": 1,
    "points": 1,
    "sequence": [
      "2",
      "4",
      "8",
      "16",
      "32",
    ],
    "type": "NUMBER",
  },
  {
    "answerIndex": 3,
    "choices": [
      "16",
      "15",
      "18",
      "17",
    ],
    "difficulty": 1,
    "index": 2,
    "points": 1,
    "sequence": [
      "59",
      "52",
      "45",
      "38",
      "31",
      "24",
    ],
    "type": "NUMBER",
  },
  {
    "answerIndex": 0,
    "choices": [
      "▲",
      "●",
      "■",
      "◆",
    ],
    "difficulty": 1,
    "index": 3,
    "points": 1,
    "sequence": [
      "●",
      "◆",
      "▲",
      "■",
      "●",
      "◆",
    ],
    "type": "SYMBOL",
  },
  {
    "answerIndex": 3,
    "choices": [
      "810",
      "1944",
      "1094",
      "1458",
    ],
    "difficulty": 1,
    "index": 4,
    "points": 1,
    "sequence": [
      "2",
      "6",
      "18",
      "54",
      "162",
      "486",
    ],
    "type": "NUMBER",
  },
  {
    "answerIndex": 3,
    "choices": [
      "25",
      "22",
      "26",
      "23",
      "20",
    ],
    "difficulty": 1,
    "index": 5,
    "points": 1,
    "sequence": [
      "5",
      "8",
      "11",
      "14",
      "17",
      "20",
    ],
    "type": "NUMBER",
  },
  {
    "answerIndex": 1,
    "choices": [
      "810",
      "1458",
      "1094",
      "1944",
    ],
    "difficulty": 1,
    "index": 6,
    "points": 1,
    "sequence": [
      "2",
      "6",
      "18",
      "54",
      "162",
      "486",
    ],
    "type": "NUMBER",
  },
  {
    "answerIndex": 1,
    "choices": [
      "194",
      "192",
      "288",
      "240",
      "144",
    ],
    "difficulty": 1,
    "index": 7,
    "points": 1,
    "sequence": [
      "3",
      "6",
      "12",
      "24",
      "48",
      "96",
    ],
    "type": "NUMBER",
  },
  {
    "answerIndex": 3,
    "choices": [
      "68",
      "61",
      "59",
      "60",
    ],
    "difficulty": 2,
    "index": 8,
    "points": 2,
    "sequence": [
      "9",
      "17",
      "26",
      "34",
      "43",
      "51",
    ],
    "type": "NUMBER",
  },
  {
    "answerIndex": 1,
    "choices": [
      "7500",
      "6250",
      "2250",
      "6252",
      "5000",
    ],
    "difficulty": 2,
    "index": 9,
    "points": 2,
    "sequence": [
      "2",
      "10",
      "50",
      "250",
      "1250",
    ],
    "type": "NUMBER",
  },
  {
    "answerIndex": 3,
    "choices": [
      "◆",
      "●",
      "▲",
      "■",
    ],
    "difficulty": 2,
    "index": 10,
    "points": 2,
    "sequence": [
      "◆",
      "■",
      "●",
      "■",
      "◆",
    ],
    "type": "SYMBOL",
  },
  {
    "answerIndex": 0,
    "choices": [
      "Z",
      "Y",
      "W",
      "X",
    ],
    "difficulty": 2,
    "index": 11,
    "points": 2,
    "sequence": [
      "Q",
      "S",
      "T",
      "V",
      "W",
      "Y",
    ],
    "type": "LETTER",
  },
  {
    "answerIndex": 3,
    "choices": [
      "14",
      "6",
      "8",
      "7",
    ],
    "difficulty": 2,
    "index": 12,
    "points": 2,
    "sequence": [
      "448",
      "224",
      "112",
      "56",
      "28",
      "14",
    ],
    "type": "NUMBER",
  },
  {
    "answerIndex": 4,
    "choices": [
      "12",
      "8",
      "9",
      "7",
      "6",
    ],
    "difficulty": 2,
    "index": 13,
    "points": 2,
    "sequence": [
      "384",
      "192",
      "96",
      "48",
      "24",
      "12",
    ],
    "type": "NUMBER",
  },
  {
    "answerIndex": 1,
    "choices": [
      "Z",
      "Y",
      "X",
      "U",
      "V",
    ],
    "difficulty": 2,
    "index": 14,
    "points": 2,
    "sequence": [
      "Q",
      "S",
      "T",
      "V",
      "W",
    ],
    "type": "LETTER",
  },
  {
    "answerIndex": 1,
    "choices": [
      "5000",
      "6250",
      "2250",
      "6252",
    ],
    "difficulty": 2,
    "index": 15,
    "points": 2,
    "sequence": [
      "2",
      "10",
      "50",
      "250",
      "1250",
    ],
    "type": "NUMBER",
  },
  {
    "answerIndex": 3,
    "choices": [
      "88",
      "140",
      "78",
      "79",
    ],
    "difficulty": 3,
    "index": 16,
    "points": 3,
    "sequence": [
      "2",
      "4",
      "13",
      "26",
      "35",
      "70",
    ],
    "type": "NUMBER",
  },
  {
    "answerIndex": 3,
    "choices": [
      "S96",
      "T97",
      "T50",
      "T96",
      "T144",
    ],
    "difficulty": 3,
    "index": 17,
    "points": 3,
    "sequence": [
      "O3",
      "P6",
      "Q12",
      "R24",
      "S48",
    ],
    "type": "MIXED",
  },
  {
    "answerIndex": 2,
    "choices": [
      "T144",
      "T97",
      "T96",
      "U96",
      "S96",
    ],
    "difficulty": 3,
    "index": 18,
    "points": 3,
    "sequence": [
      "J3",
      "L6",
      "N12",
      "P24",
      "R48",
    ],
    "type": "MIXED",
  },
  {
    "answerIndex": 3,
    "choices": [
      "Y64",
      "W64",
      "X65",
      "X64",
    ],
    "difficulty": 3,
    "index": 19,
    "points": 3,
    "sequence": [
      "N2",
      "P4",
      "R8",
      "T16",
      "V32",
    ],
    "type": "MIXED",
  },
  {
    "answerIndex": 1,
    "choices": [
      "59",
      "58",
      "57",
      "60",
      "56",
    ],
    "difficulty": 3,
    "index": 20,
    "points": 3,
    "sequence": [
      "13",
      "18",
      "25",
      "34",
      "45",
    ],
    "type": "NUMBER",
  },
  {
    "answerIndex": 0,
    "choices": [
      "S28",
      "S29",
      "T28",
      "U28",
      "S32",
    ],
    "difficulty": 3,
    "index": 21,
    "points": 3,
    "sequence": [
      "I8",
      "K12",
      "M16",
      "O20",
      "Q24",
    ],
    "type": "MIXED",
  },
  {
    "answerIndex": 3,
    "choices": [
      "190",
      "72",
      "188",
      "189",
    ],
    "difficulty": 3,
    "index": 22,
    "points": 3,
    "sequence": [
      "3",
      "9",
      "18",
      "54",
      "63",
    ],
    "type": "NUMBER",
  },
  {
    "answerIndex": 0,
    "choices": [
      "Y96",
      "Y50",
      "X96",
      "Z96",
    ],
    "difficulty": 3,
    "index": 23,
    "points": 3,
    "sequence": [
      "O3",
      "Q6",
      "S12",
      "U24",
      "W48",
    ],
    "type": "MIXED",
  },
  {
    "answerIndex": 3,
    "choices": [
      "38",
      "27",
      "19",
      "26",
      "33",
    ],
    "difficulty": 4,
    "index": 24,
    "points": 4,
    "sequence": [
      "5",
      "14",
      "12",
      "22",
      "19",
      "30",
    ],
    "type": "NUMBER",
  },
  {
    "answerIndex": 3,
    "choices": [
      "87",
      "92",
      "95",
      "91",
      "90",
    ],
    "difficulty": 4,
    "index": 25,
    "points": 4,
    "sequence": [
      "7",
      "11",
      "19",
      "31",
      "47",
      "67",
    ],
    "type": "NUMBER",
  },
  {
    "answerIndex": 2,
    "choices": [
      "50",
      "47",
      "49",
      "51",
    ],
    "difficulty": 4,
    "index": 26,
    "points": 4,
    "sequence": [
      "1",
      "4",
      "9",
      "16",
      "25",
      "36",
    ],
    "type": "NUMBER",
  },
  {
    "answerIndex": 2,
    "choices": [
      "17",
      "22",
      "18",
      "15",
      "19",
    ],
    "difficulty": 4,
    "index": 27,
    "points": 4,
    "sequence": [
      "2",
      "1",
      "3",
      "4",
      "7",
      "11",
    ],
    "type": "NUMBER",
  },
  {
    "answerIndex": 0,
    "choices": [
      "10",
      "9",
      "11",
      "7",
      "13",
    ],
    "difficulty": 4,
    "index": 28,
    "points": 4,
    "sequence": [
      "1",
      "13",
      "4",
      "19",
      "7",
      "25",
    ],
    "type": "NUMBER",
  },
  {
    "answerIndex": 2,
    "choices": [
      "28",
      "21",
      "29",
      "30",
      "57",
    ],
    "difficulty": 4,
    "index": 29,
    "points": 4,
    "sequence": [
      "5",
      "24",
      "13",
      "35",
      "21",
      "46",
    ],
    "type": "NUMBER",
  },
  {
    "answerIndex": 1,
    "choices": [
      "70",
      "69",
      "68",
      "60",
      "86",
    ],
    "difficulty": 4,
    "index": 30,
    "points": 4,
    "sequence": [
      "8",
      "9",
      "17",
      "26",
      "43",
    ],
    "type": "NUMBER",
  },
  {
    "answerIndex": 4,
    "choices": [
      "48",
      "50",
      "47",
      "51",
      "49",
    ],
    "difficulty": 4,
    "index": 31,
    "points": 4,
    "sequence": [
      "9",
      "13",
      "19",
      "27",
      "37",
    ],
    "type": "NUMBER",
  },
  {
    "answerIndex": 4,
    "choices": [
      "18",
      "13",
      "27",
      "21",
      "24",
    ],
    "difficulty": 5,
    "index": 32,
    "points": 5,
    "sequence": [
      "3",
      "5",
      "6",
      "4",
      "12",
      "9",
    ],
    "type": "NUMBER",
  },
  {
    "answerIndex": 3,
    "choices": [
      "1680",
      "1200",
      "1445",
      "1440",
      "432",
    ],
    "difficulty": 5,
    "index": 33,
    "points": 5,
    "sequence": [
      "2",
      "4",
      "12",
      "48",
      "240",
    ],
    "type": "NUMBER",
  },
  {
    "answerIndex": 4,
    "choices": [
      "7",
      "18",
      "14",
      "9",
      "8",
    ],
    "difficulty": 5,
    "index": 34,
    "points": 5,
    "sequence": [
      "1",
      "4",
      "2",
      "5",
      "4",
      "9",
    ],
    "type": "NUMBER",
  },
  {
    "answerIndex": 3,
    "choices": [
      "21",
      "27",
      "5",
      "24",
    ],
    "difficulty": 5,
    "index": 35,
    "points": 5,
    "sequence": [
      "3",
      "1",
      "6",
      "2",
      "12",
      "3",
    ],
    "type": "NUMBER",
  },
  {
    "answerIndex": 0,
    "choices": [
      "84",
      "81",
      "83",
      "85",
    ],
    "difficulty": 5,
    "index": 36,
    "points": 5,
    "sequence": [
      "33",
      "39",
      "51",
      "57",
      "69",
    ],
    "type": "NUMBER",
  },
  {
    "answerIndex": 1,
    "choices": [
      "377",
      "343",
      "432",
      "307",
      "309",
    ],
    "difficulty": 5,
    "index": 37,
    "points": 5,
    "sequence": [
      "1",
      "8",
      "27",
      "64",
      "125",
      "216",
    ],
    "type": "NUMBER",
  },
  {
    "answerIndex": 3,
    "choices": [
      "12",
      "14",
      "18",
      "16",
      "20",
    ],
    "difficulty": 5,
    "index": 38,
    "points": 5,
    "sequence": [
      "2",
      "4",
      "4",
      "4",
      "8",
      "8",
    ],
    "type": "NUMBER",
  },
  {
    "answerIndex": 1,
    "choices": [
      "69",
      "71",
      "70",
      "72",
    ],
    "difficulty": 5,
    "index": 39,
    "points": 5,
    "sequence": [
      "25",
      "32",
      "37",
      "47",
      "58",
    ],
    "type": "NUMBER",
  },
]
`;
