// Vitest Snapshot v1, https://vitest.dev/guide/snapshot.html

exports[`generateLogicSession > matches the reference snapshot for a fixed seed 1`] = `
[
  {
    "answerIndex": 2,
    "choices": [
      "13",
      "17",
      "15",
      "16",
    ],
    "difficulty": 1,
    "index": 0,
    "points": 1,
    "ruleId": "arithmetic-constant-step",
    "sequence": [
      "5",
      "7",
      "9",
      "11",
      "13",
    ],
  },
  {
    "answerIndex": 1,
    "choices": [
      "14",
      "6",
      "4",
      "7",
    ],
    "difficulty": 1,
    "index": 1,
    "points": 1,
    "ruleId": "arithmetic-constant-step",
    "sequence": [
      "46",
      "38",
      "30",
      "22",
      "14",
    ],
  },
  {
    "answerIndex": 0,
    "choices": [
      "29",
      "31",
      "27",
      "28",
    ],
    "difficulty": 1,
    "index": 2,
    "points": 1,
    "ruleId": "arithmetic-constant-step",
    "sequence": [
      "17",
      "19",
      "21",
      "23",
      "25",
      "27",
    ],
  },
  {
    "answerIndex": 3,
    "choices": [
      "14",
      "15",
      "18",
      "16",
    ],
    "difficulty": 1,
    "index": 3,
    "points": 1,
    "ruleId": "arithmetic-constant-step",
    "sequence": [
      "28",
      "26",
      "24",
      "22",
      "20",
      "18",
    ],
  },
  {
    "answerIndex": 1,
    "choices": [
      "240",
      "192",
      "288",
      "144",
    ],
    "difficulty": 1,
    "index": 4,
    "points": 1,
    "ruleId": "geometric-double-or-triple",
    "sequence": [
      "6",
      "12",
      "24",
      "48",
      "96",
    ],
  },
  {
    "answerIndex": 3,
    "choices": [
      "144",
      "240",
      "194",
      "192",
    ],
    "difficulty": 1,
    "index": 5,
    "points": 1,
    "ruleId": "geometric-double-or-triple",
    "sequence": [
      "6",
      "12",
      "24",
      "48",
      "96",
    ],
  },
  {
    "answerIndex": 1,
    "choices": [
      "1823",
      "1458",
      "1944",
      "810",
    ],
    "difficulty": 1,
    "index": 6,
    "points": 1,
    "ruleId": "geometric-double-or-triple",
    "sequence": [
      "2",
      "6",
      "18",
      "54",
      "162",
      "486",
    ],
  },
  {
    "answerIndex": 1,
    "choices": [
      "365",
      "486",
      "648",
      "489",
    ],
    "difficulty": 1,
    "index": 7,
    "points": 1,
    "ruleId": "geometric-double-or-triple",
    "sequence": [
      "2",
      "6",
      "18",
      "54",
      "162",
    ],
  },
  {
    "answerIndex": 0,
    "choices": [
      "22",
      "23",
      "24",
      "19",
    ],
    "difficulty": 2,
    "index": 8,
    "points": 2,
    "ruleId": "alternating-two-steps",
    "sequence": [
      "3",
      "8",
      "10",
      "15",
      "17",
    ],
  },
  {
    "answerIndex": 3,
    "choices": [
      "14",
      "9",
      "13",
      "15",
    ],
    "difficulty": 2,
    "index": 9,
    "points": 2,
    "ruleId": "alternating-add-subtract",
    "sequence": [
      "7",
      "11",
      "9",
      "13",
      "11",
    ],
  },
  {
    "answerIndex": 3,
    "choices": [
      "23",
      "24",
      "31",
      "22",
    ],
    "difficulty": 2,
    "index": 10,
    "points": 2,
    "ruleId": "alternating-add-subtract",
    "sequence": [
      "19",
      "24",
      "20",
      "25",
      "21",
      "26",
    ],
  },
  {
    "answerIndex": 2,
    "choices": [
      "9",
      "14",
      "7",
      "6",
    ],
    "difficulty": 2,
    "index": 11,
    "points": 2,
    "ruleId": "geometric-fast-or-halving",
    "sequence": [
      "448",
      "224",
      "112",
      "56",
      "28",
      "14",
    ],
  },
  {
    "answerIndex": 3,
    "choices": [
      "10",
      "18",
      "14",
      "9",
    ],
    "difficulty": 2,
    "index": 12,
    "points": 2,
    "ruleId": "geometric-fast-or-halving",
    "sequence": [
      "576",
      "288",
      "144",
      "72",
      "36",
      "18",
    ],
  },
  {
    "answerIndex": 2,
    "choices": [
      "16",
      "13",
      "15",
      "26",
    ],
    "difficulty": 2,
    "index": 13,
    "points": 2,
    "ruleId": "alternating-add-subtract",
    "sequence": [
      "12",
      "18",
      "13",
      "19",
      "14",
      "20",
    ],
  },
  {
    "answerIndex": 0,
    "choices": [
      "24",
      "23",
      "26",
      "22",
    ],
    "difficulty": 2,
    "index": 14,
    "points": 2,
    "ruleId": "alternating-two-steps",
    "sequence": [
      "8",
      "12",
      "14",
      "18",
      "20",
    ],
  },
  {
    "answerIndex": 1,
    "choices": [
      "27",
      "25",
      "23",
      "26",
    ],
    "difficulty": 2,
    "index": 15,
    "points": 2,
    "ruleId": "alternating-add-subtract",
    "sequence": [
      "13",
      "21",
      "15",
      "23",
      "17",
    ],
  },
  {
    "answerIndex": 3,
    "choices": [
      "50",
      "49",
      "52",
      "51",
    ],
    "difficulty": 3,
    "index": 16,
    "points": 3,
    "ruleId": "squares-plus-constant",
    "sequence": [
      "3",
      "6",
      "11",
      "18",
      "27",
      "38",
    ],
  },
  {
    "answerIndex": 0,
    "choices": [
      "150",
      "151",
      "149",
      "158",
    ],
    "difficulty": 3,
    "index": 17,
    "points": 3,
    "ruleId": "alternating-multiply-add",
    "sequence": [
      "2",
      "6",
      "14",
      "42",
      "50",
    ],
  },
  {
    "answerIndex": 0,
    "choices": [
      "120",
      "351",
      "119",
      "121",
    ],
    "difficulty": 3,
    "index": 18,
    "points": 3,
    "ruleId": "alternating-multiply-add",
    "sequence": [
      "3",
      "9",
      "12",
      "36",
      "39",
      "117",
    ],
  },
  {
    "answerIndex": 2,
    "choices": [
      "95",
      "85",
      "86",
      "87",
    ],
    "difficulty": 3,
    "index": 19,
    "points": 3,
    "ruleId": "alternating-multiply-add",
    "sequence": [
      "4",
      "8",
      "17",
      "34",
      "43",
    ],
  },
  {
    "answerIndex": 1,
    "choices": [
      "67",
      "66",
      "65",
      "40",
    ],
    "difficulty": 3,
    "index": 20,
    "points": 3,
    "ruleId": "alternating-multiply-add",
    "sequence": [
      "3",
      "6",
      "13",
      "26",
      "33",
    ],
  },
  {
    "answerIndex": 0,
    "choices": [
      "51",
      "52",
      "53",
      "50",
    ],
    "difficulty": 3,
    "index": 21,
    "points": 3,
    "ruleId": "squares-plus-constant",
    "sequence": [
      "6",
      "11",
      "18",
      "27",
      "38",
    ],
  },
  {
    "answerIndex": 2,
    "choices": [
      "82",
      "80",
      "81",
      "79",
    ],
    "difficulty": 3,
    "index": 22,
    "points": 3,
    "ruleId": "squares-plus-constant",
    "sequence": [
      "16",
      "25",
      "36",
      "49",
      "64",
    ],
  },
  {
    "answerIndex": 2,
    "choices": [
      "34",
      "37",
      "36",
      "38",
    ],
    "difficulty": 3,
    "index": 23,
    "points": 3,
    "ruleId": "increasing-step",
    "sequence": [
      "11",
      "14",
      "18",
      "23",
      "29",
    ],
  },
  {
    "answerIndex": 2,
    "choices": [
      "65",
      "66",
      "64",
      "62",
    ],
    "difficulty": 4,
    "index": 24,
    "points": 4,
    "ruleId": "second-order-differences",
    "sequence": [
      "10",
      "14",
      "20",
      "28",
      "38",
      "50",
    ],
  },
  {
    "answerIndex": 2,
    "choices": [
      "96",
      "66",
      "78",
      "79",
    ],
    "difficulty": 4,
    "index": 25,
    "points": 4,
    "ruleId": "fibonacci-like",
    "sequence": [
      "6",
      "6",
      "12",
      "18",
      "30",
      "48",
    ],
  },
  {
    "answerIndex": 1,
    "choices": [
      "49",
      "48",
      "58",
      "39",
    ],
    "difficulty": 4,
    "index": 26,
    "points": 4,
    "ruleId": "fibonacci-like",
    "sequence": [
      "8",
      "1",
      "9",
      "10",
      "19",
      "29",
    ],
  },
  {
    "answerIndex": 2,
    "choices": [
      "75",
      "77",
      "78",
      "79",
    ],
    "difficulty": 4,
    "index": 27,
    "points": 4,
    "ruleId": "second-order-differences",
    "sequence": [
      "15",
      "18",
      "24",
      "33",
      "45",
      "60",
    ],
  },
  {
    "answerIndex": 3,
    "choices": [
      "51",
      "27",
      "21",
      "28",
    ],
    "difficulty": 4,
    "index": 28,
    "points": 4,
    "ruleId": "interleaved-sequences",
    "sequence": [
      "7",
      "21",
      "14",
      "31",
      "21",
      "41",
    ],
  },
  {
    "answerIndex": 0,
    "choices": [
      "49",
      "51",
      "48",
      "50",
    ],
    "difficulty": 4,
    "index": 29,
    "points": 4,
    "ruleId": "second-order-differences",
    "sequence": [
      "1",
      "4",
      "9",
      "16",
      "25",
      "36",
    ],
  },
  {
    "answerIndex": 2,
    "choices": [
      "29",
      "27",
      "28",
      "37",
    ],
    "difficulty": 4,
    "index": 30,
    "points": 4,
    "ruleId": "interleaved-sequences",
    "sequence": [
      "1",
      "14",
      "10",
      "19",
      "19",
      "24",
    ],
  },
  {
    "answerIndex": 0,
    "choices": [
      "21",
      "18",
      "20",
      "26",
    ],
    "difficulty": 4,
    "index": 31,
    "points": 4,
    "ruleId": "fibonacci-like",
    "sequence": [
      "2",
      "3",
      "5",
      "8",
      "13",
    ],
  },
  {
    "answerIndex": 0,
    "choices": [
      "71",
      "69",
      "70",
      "72",
    ],
    "difficulty": 5,
    "index": 32,
    "points": 5,
    "ruleId": "add-digit-sum",
    "sequence": [
      "25",
      "32",
      "37",
      "47",
      "58",
    ],
  },
  {
    "answerIndex": 1,
    "choices": [
      "2520",
      "2160",
      "648",
      "1800",
    ],
    "difficulty": 5,
    "index": 33,
    "points": 5,
    "ruleId": "multiply-by-rank",
    "sequence": [
      "3",
      "6",
      "18",
      "72",
      "360",
    ],
  },
  {
    "answerIndex": 1,
    "choices": [
      "58",
      "59",
      "60",
      "64",
    ],
    "difficulty": 5,
    "index": 34,
    "points": 5,
    "ruleId": "add-digit-sum",
    "sequence": [
      "14",
      "19",
      "29",
      "40",
      "44",
      "52",
    ],
  },
  {
    "answerIndex": 3,
    "choices": [
      "68",
      "66",
      "63",
      "67",
    ],
    "difficulty": 5,
    "index": 35,
    "points": 5,
    "ruleId": "add-digit-sum",
    "sequence": [
      "22",
      "26",
      "34",
      "41",
      "46",
      "56",
    ],
  },
  {
    "answerIndex": 1,
    "choices": [
      "14",
      "24",
      "10",
      "27",
    ],
    "difficulty": 5,
    "index": 36,
    "points": 5,
    "ruleId": "interleaved-double-fibonacci",
    "sequence": [
      "3",
      "4",
      "6",
      "3",
      "12",
      "7",
    ],
  },
  {
    "answerIndex": 2,
    "choices": [
      "12",
      "10",
      "16",
      "14",
    ],
    "difficulty": 5,
    "index": 37,
    "points": 5,
    "ruleId": "interleaved-double-fibonacci",
    "sequence": [
      "2",
      "2",
      "4",
      "4",
      "8",
      "6",
    ],
  },
  {
    "answerIndex": 3,
    "choices": [
      "1215",
      "1458",
      "2406",
      "2187",
    ],
    "difficulty": 5,
    "index": 38,
    "points": 5,
    "ruleId": "powers",
    "sequence": [
      "3",
      "9",
      "27",
      "81",
      "243",
      "729",
    ],
  },
  {
    "answerIndex": 1,
    "choices": [
      "7",
      "8",
      "9",
      "4",
    ],
    "difficulty": 5,
    "index": 39,
    "points": 5,
    "ruleId": "interleaved-double-fibonacci",
    "sequence": [
      "1",
      "2",
      "2",
      "1",
      "4",
      "3",
    ],
  },
]
`;
